******************************************************************************
                  TI ARM Linker PC v5.0.1                      
******************************************************************************
>> Linked Tue May 28 00:55:14 2013

OUTPUT FILE NAME:   <Braillearn.out>
ENTRY POINT SYMBOL: "_c_int00"  address: 00001369


MEMORY CONFIGURATION

         name            origin    length      used     unused   attr    fill
----------------------  --------  ---------  --------  --------  ----  --------
  FLASH                 00000000   00040000  00001dde  0003e222  R  X
  SRAM                  20000000   00008000  00000a4d  000075b3  RW X


SEGMENT ALLOCATION MAP

run origin  load origin   length   init length attrs members
----------  ----------- ---------- ----------- ----- -------
00000000    00000000    00001de0   00001de0    r-x
  00000000    00000000    0000026c   0000026c    r-- .intvecs
  0000026c    0000026c    00001742   00001742    r-x .text
  000019b0    000019b0    000003f8   000003f8    r-- .const
  00001da8    00001da8    00000038   00000038    r-- .cinit
20000000    20000000    00000a30   00000000    rw-
  20000000    20000000    00000930   00000000    rw- .bss
  20000930    20000930    00000100   00000000    rw- .stack
20000a30    20000a30    0000001d   0000001d    rw-
  20000a30    20000a30    0000001d   0000001d    rw- .data


SECTION ALLOCATION MAP

 output                                  attributes/
section   page    origin      length       input sections
--------  ----  ----------  ----------   ----------------
.intvecs   0    00000000    0000026c     
                  00000000    0000026c     startup_ccs.obj (.intvecs)

.init_array 
*          0    00000000    00000000     UNINITIALIZED

.text      0    0000026c    00001742     
                  0000026c    000005ec     Control.obj (.text:CntlTask)
                  00000858    0000013c     driverlib-cm4f.lib : sysctl.obj (.text:SysCtlClockSet)
                  00000994    000000e0     main.obj (.text:main)
                  00000a74    000000c8     driverlib-cm4f.lib : gpio.obj (.text:GPIOPadConfigSet)
                  00000b3c    000000a8     UART.obj (.text:UARTInit)
                  00000be4    000000a0     Control.obj (.text:FindNextFile)
                  00000c84    0000009c     rtsv7M4_T_le_v4SPD16_eabi.lib : memcpy_t2.obj (.text)
                  00000d20    00000098     driverlib-cm4f.lib : flash.obj (.text:FlashProgram)
                  00000db8    00000094     rtsv7M4_T_le_v4SPD16_eabi.lib : auto_init.obj (.text)
                  00000e4c    00000080     Display.obj (.text:DisplayTask)
                  00000ecc    00000080     UART.obj (.text:UARTTask)
                  00000f4c    00000070     UART.obj (.text:UARTIntHandler)
                  00000fbc    0000006c     Control.obj (.text:CntlInit)
                  00001028    0000006c     Key.obj (.text:KeyScan)
                  00001094    00000068     Key.obj (.text:KeyTask)
                  000010fc    00000068     SPI.obj (.text:SPIInit)
                  00001164    00000064     driverlib-cm4f.lib : interrupt.obj (.text:IntEnable)
                  000011c8    0000005e     rtsv7M4_T_le_v4SPD16_eabi.lib : copy_decompress_rle.obj (.text)
                  00001226    00000002     Display.obj (.text:DisplayBlinkMiss)
                  00001228    00000058     Key.obj (.text:KeyInit)
                  00001280    00000058     driverlib-cm4f.lib : sysctl.obj (.text:SysCtlPeripheralEnable)
                  000012d8    00000048                        : gpio.obj (.text:GPIOPinConfigure)
                  00001320    00000048     SPI.obj (.text:SPISendChar)
                  00001368    00000048     rtsv7M4_T_le_v4SPD16_eabi.lib : boot.obj (.text)
                  000013b0    00000044     Control.obj (.text:InitTmpVars)
                  000013f4    00000044     SPI.obj (.text:SPIIntHandler)
                  00001438    00000044     rtsv7M4_T_le_v4SPD16_eabi.lib : cpy_tbl.obj (.text)
                  0000147c    00000042     driverlib-cm4f.lib : uart.obj (.text:UARTConfigSetExpClk)
                  000014be    00000002     startup_ccs.obj (.text:FaultISR)
                  000014c0    00000040     UART.obj (.text:UARTSend)
                  00001500    00000040     UART.obj (.text:UART_Welcome)
                  00001540    00000040     rtsv7M4_T_le_v4SPD16_eabi.lib : exit.obj (.text)
                  00001580    0000003c     FileIO.obj (.text:FileInit)
                  000015bc    0000003c     main.obj (.text:Timer0IntHandler)
                  000015f8    00000038     Control.obj (.text:GetNextFile)
                  00001630    00000034     Display.obj (.text:DisplayUpdate)
                  00001664    00000034     driverlib-cm4f.lib : flash.obj (.text:FlashErase)
                  00001698    00000034     Key.obj (.text:GetKey)
                  000016cc    00000030     Display.obj (.text:DisplayInit)
                  000016fc    0000002e     driverlib-cm4f.lib : gpio.obj (.text:GPIODirModeSet)
                  0000172a    00000002     startup_ccs.obj (.text:IntDefaultHandler)
                  0000172c    0000002c     UART.obj (.text:UARTSendChar)
                  00001758    00000028     Key.obj (.text:IsCntlKey)
                  00001780    00000028     driverlib-cm4f.lib : timer.obj (.text:TimerConfigure)
                  000017a8    00000024     Display.obj (.text:DisplayAppendChar)
                  000017cc    00000022     SPI.obj (.text:SPISendLine)
                  000017ee    00000020     FileIO.obj (.text:FileUpdate)
                  0000180e    00000002     startup_ccs.obj (.text:NmiSR)
                  00001810    0000001c     driverlib-cm4f.lib : uart.obj (.text:UARTDisable)
                  0000182c    0000001c     UART.obj (.text:UARTGetBuffer)
                  00001848    00000018     rtsv7M4_T_le_v4SPD16_eabi.lib : args_main.obj (.text)
                  00001860    00000014     Display.obj (.text:DisplayClear)
                  00001874    00000014     driverlib-cm4f.lib : uart.obj (.text:UARTEnable)
                  00001888    00000014     rtsv7M4_T_le_v4SPD16_eabi.lib : _lock.obj (.text)
                  0000189c    00000012     driverlib-cm4f.lib : gpio.obj (.text:GPIOPinTypeGPIOInput)
                  000018ae    00000012                        : gpio.obj (.text:GPIOPinTypeGPIOOutput)
                  000018c0    00000012                        : gpio.obj (.text:GPIOPinTypeUART)
                  000018d2    00000012                        : timer.obj (.text:TimerLoadSet)
                  000018e4    00000012     rtsv7M4_T_le_v4SPD16_eabi.lib : copy_zero_init.obj (.text:decompress:ZI)
                  000018f6    00000002     --HOLE-- [fill = 0]
                  000018f8    00000010     driverlib-cm4f.lib : fpu.obj (.text:FPUEnable)
                  00001908    00000010                        : fpu.obj (.text:FPULazyStackingEnable)
                  00001918    0000000e                        : timer.obj (.text:TimerEnable)
                  00001926    0000000e     rtsv7M4_T_le_v4SPD16_eabi.lib : copy_decompress_none.obj (.text:decompress:none)
                  00001934    0000000c     driverlib-cm4f.lib : cpu.obj (.text:CPUcpsie)
                  00001940    0000000a                        : gpio.obj (.text:GPIOPinRead)
                  0000194a    0000000a                        : gpio.obj (.text:GPIOPinWrite)
                  00001954    0000000a                        : interrupt.obj (.text:IntMasterEnable)
                  0000195e    0000000a                        : uart.obj (.text:UARTCharPut)
                  00001968    0000000a                        : uart.obj (.text:UARTFIFOEnable)
                  00001972    0000000a                        : uart.obj (.text:UARTIntDisable)
                  0000197c    00000008                        : timer.obj (.text:TimerIntEnable)
                  00001984    00000008                        : uart.obj (.text:UARTIntEnable)
                  0000198c    00000006     startup_ccs.obj (.text:ResetISR)
                  00001992    00000006     driverlib-cm4f.lib : sysctl.obj (.text:SysCtlDelay)
                  00001998    00000006                        : uart.obj (.text:UARTClockSourceSet)
                  0000199e    00000006                        : uart.obj (.text:UARTFIFOLevelSet)
                  000019a4    00000006     rtsv7M4_T_le_v4SPD16_eabi.lib : copy_decompress_rle.obj (.text:decompress:rle24)
                  000019aa    00000004     driverlib-cm4f.lib : timer.obj (.text:TimerIntClear)

.const     0    000019b0    000003f8     
                  000019b0    00000168     UART.obj (.const:menuStr)
                  00001b18    00000100     Key.obj (.const:.string:UBrailleLookup)
                  00001c18    00000078     driverlib-cm4f.lib : gpio.obj (.const:g_pulGPIOBaseAddrs)
                  00001c90    00000070                        : interrupt.obj (.const)
                  00001d00    00000068     Control.obj (.const:.string:learnString)
                  00001d68    00000040     driverlib-cm4f.lib : sysctl.obj (.const)

.cinit     0    00001da8    00000038     
                  00001da8    0000000f     (.cinit..data.load) [load image, compression = rle]
                  00001db7    00000001     --HOLE-- [fill = 0]
                  00001db8    0000000c     (__TI_handler_table)
                  00001dc4    00000004     --HOLE-- [fill = 0]
                  00001dc8    00000008     (.cinit..bss.load) [load image, compression = zero_init]
                  00001dd0    00000010     (__TI_cinit_table)

.bss       0    20000000    00000930     UNINITIALIZED
                  20000000    000004b0     Control.obj (.bss:fileLookupTable)
                  200004b0    00000400     Control.obj (.bss:tmpFileData)
                  200008b0    00000038     Control.obj (.bss)
                  200008e8    00000033     UART.obj (.bss)
                  2000091b    00000012     Display.obj (.bss)
                  2000092d    00000001     --HOLE--
                  2000092e    00000002     Key.obj (.bss)

.stack     0    20000930    00000100     UNINITIALIZED
                  20000930    00000100     --HOLE--

.data      0    20000a30    0000001d     
                  20000a30    00000008     rtsv7M4_T_le_v4SPD16_eabi.lib : _lock.obj (.data)
                  20000a38    00000008                                   : exit.obj (.data)
                  20000a40    00000004                                   : stkdepth_vars.obj (.data)
                  20000a44    00000003     Key.obj (.data)
                  20000a47    00000001     --HOLE--
                  20000a48    00000001     UART.obj (.data)
                  20000a49    00000003     --HOLE--
                  20000a4c    00000001     main.obj (.data)


LINKER GENERATED COPY TABLES

__TI_cinit_table @ 00001dd0 records: 2, size/record: 8, table size: 16
	.data: load addr=00001da8, load size=0000000f bytes, run addr=20000a30, run size=0000001d bytes, compression=rle
	.bss: load addr=00001dc8, load size=00000008 bytes, run addr=20000000, run size=00000930 bytes, compression=zero_init


LINKER GENERATED HANDLER TABLE

__TI_handler_table @ 00001db8 records: 3, size/record: 4, table size: 12
	index: 0, handler: __TI_decompress_rle24
	index: 1, handler: __TI_decompress_none
	index: 2, handler: __TI_zero_init


GLOBAL SYMBOLS: SORTED ALPHABETICALLY BY Name 

address    name
--------   ----
20000925   BrailleBuffer
20000923   BufferIndex
00001541   C$$EXIT
00001935   CPUcpsie
00000fbd   CntlInit
0000026d   CntlTask
000017a9   DisplayAppendChar
00001227   DisplayBlinkMiss
2000091b   DisplayBuffer
00001861   DisplayClear
000016cd   DisplayInit
00000e4d   DisplayTask
00001631   DisplayUpdate
000018f9   FPUEnable
00001909   FPULazyStackingEnable
00001581   FileInit
000017ef   FileUpdate
00000be5   FindNextFile
00001665   FlashErase
00000d21   FlashProgram
000016fd   GPIODirModeSet
00000a75   GPIOPadConfigSet
000012d9   GPIOPinConfigure
00001941   GPIOPinRead
0000189d   GPIOPinTypeGPIOInput
000018af   GPIOPinTypeGPIOOutput
000018c1   GPIOPinTypeUART
0000194b   GPIOPinWrite
00001699   GetKey
000015f9   GetNextFile
000013b1   InitTmpVars
00001165   IntEnable
00001955   IntMasterEnable
00001759   IsCntlKey
00001229   KeyInit
00001095   KeyTask
0000198d   ResetISR
UNDEFED    SHT$$INIT_ARRAY$$Base
UNDEFED    SHT$$INIT_ARRAY$$Limit
000010fd   SPIInit
000013f5   SPIIntHandler
00001321   SPISendChar
000017cd   SPISendLine
00000859   SysCtlClockSet
00001993   SysCtlDelay
00001281   SysCtlPeripheralEnable
000015bd   Timer0IntHandler
00001781   TimerConfigure
00001919   TimerEnable
000019ab   TimerIntClear
0000197d   TimerIntEnable
000018d3   TimerLoadSet
0000195f   UARTCharPut
00001999   UARTClockSourceSet
0000147d   UARTConfigSetExpClk
00001811   UARTDisable
00001875   UARTEnable
00001969   UARTFIFOEnable
0000199f   UARTFIFOLevelSet
0000182d   UARTGetBuffer
00000b3d   UARTInit
00001973   UARTIntDisable
00001985   UARTIntEnable
00000f4d   UARTIntHandler
000014c1   UARTSend
0000172d   UARTSendChar
00000ecd   UARTTask
00001501   UART_Welcome
00001b18   UBrailleLookup
20000924   UpdateDisplay
20000a30   __STACK_END
00000100   __STACK_SIZE
20000a30   __STACK_TOP
00001dd0   __TI_CINIT_Base
00001de0   __TI_CINIT_Limit
00001db8   __TI_Handler_Table_Base
00001dc4   __TI_Handler_Table_Limit
00000001   __TI_args_main
00000db9   __TI_auto_init
00001927   __TI_decompress_none
000019a5   __TI_decompress_rle24
00000000   __TI_static_base__
000018e5   __TI_zero_init
00000c85   __aeabi_memcpy
00000c85   __aeabi_memcpy4
00000c85   __aeabi_memcpy8
ffffffff   __binit__
ffffffff   __c_args__
20000930   __stack
00001849   _args_main
00001369   _c_int00
20000a38   _cleanup_ptr
20000a3c   _dtors_ptr
20000a30   _lock
00001897   _nop
0000188f   _register_lock
00001889   _register_unlock
20000a34   _unlock
00001545   abort
ffffffff   binit
00001439   copy_in
0000154d   exit
00000000   g_pfnVectors
00001d00   learnString
00000995   main
20000a40   main_func_sp
00000c85   memcpy
000019b0   menuStr
20000a4c   tickFlag


GLOBAL SYMBOLS: SORTED BY Symbol Address 

address    name
--------   ----
00000000   __TI_static_base__
00000000   g_pfnVectors
00000001   __TI_args_main
00000100   __STACK_SIZE
0000026d   CntlTask
00000859   SysCtlClockSet
00000995   main
00000a75   GPIOPadConfigSet
00000b3d   UARTInit
00000be5   FindNextFile
00000c85   __aeabi_memcpy
00000c85   __aeabi_memcpy4
00000c85   __aeabi_memcpy8
00000c85   memcpy
00000d21   FlashProgram
00000db9   __TI_auto_init
00000e4d   DisplayTask
00000ecd   UARTTask
00000f4d   UARTIntHandler
00000fbd   CntlInit
00001095   KeyTask
000010fd   SPIInit
00001165   IntEnable
00001227   DisplayBlinkMiss
00001229   KeyInit
00001281   SysCtlPeripheralEnable
000012d9   GPIOPinConfigure
00001321   SPISendChar
00001369   _c_int00
000013b1   InitTmpVars
000013f5   SPIIntHandler
00001439   copy_in
0000147d   UARTConfigSetExpClk
000014c1   UARTSend
00001501   UART_Welcome
00001541   C$$EXIT
00001545   abort
0000154d   exit
00001581   FileInit
000015bd   Timer0IntHandler
000015f9   GetNextFile
00001631   DisplayUpdate
00001665   FlashErase
00001699   GetKey
000016cd   DisplayInit
000016fd   GPIODirModeSet
0000172d   UARTSendChar
00001759   IsCntlKey
00001781   TimerConfigure
000017a9   DisplayAppendChar
000017cd   SPISendLine
000017ef   FileUpdate
00001811   UARTDisable
0000182d   UARTGetBuffer
00001849   _args_main
00001861   DisplayClear
00001875   UARTEnable
00001889   _register_unlock
0000188f   _register_lock
00001897   _nop
0000189d   GPIOPinTypeGPIOInput
000018af   GPIOPinTypeGPIOOutput
000018c1   GPIOPinTypeUART
000018d3   TimerLoadSet
000018e5   __TI_zero_init
000018f9   FPUEnable
00001909   FPULazyStackingEnable
00001919   TimerEnable
00001927   __TI_decompress_none
00001935   CPUcpsie
00001941   GPIOPinRead
0000194b   GPIOPinWrite
00001955   IntMasterEnable
0000195f   UARTCharPut
00001969   UARTFIFOEnable
00001973   UARTIntDisable
0000197d   TimerIntEnable
00001985   UARTIntEnable
0000198d   ResetISR
00001993   SysCtlDelay
00001999   UARTClockSourceSet
0000199f   UARTFIFOLevelSet
000019a5   __TI_decompress_rle24
000019ab   TimerIntClear
000019b0   menuStr
00001b18   UBrailleLookup
00001d00   learnString
00001db8   __TI_Handler_Table_Base
00001dc4   __TI_Handler_Table_Limit
00001dd0   __TI_CINIT_Base
00001de0   __TI_CINIT_Limit
2000091b   DisplayBuffer
20000923   BufferIndex
20000924   UpdateDisplay
20000925   BrailleBuffer
20000930   __stack
20000a30   __STACK_END
20000a30   __STACK_TOP
20000a30   _lock
20000a34   _unlock
20000a38   _cleanup_ptr
20000a3c   _dtors_ptr
20000a40   main_func_sp
20000a4c   tickFlag
ffffffff   __binit__
ffffffff   __c_args__
ffffffff   binit
UNDEFED    SHT$$INIT_ARRAY$$Base
UNDEFED    SHT$$INIT_ARRAY$$Limit

[109 symbols]
