******************************************************************************
                  TI ARM Linker PC v5.0.1                      
******************************************************************************
>> Linked Sun Jun 02 15:36:03 2013

OUTPUT FILE NAME:   <Braillearn_P20Dispatcher.out>
ENTRY POINT SYMBOL: "_c_int00"  address: 00000a09


MEMORY CONFIGURATION

         name            origin    length      used     unused   attr    fill
----------------------  --------  ---------  --------  --------  ----  --------
  FLASH                 00000000   00040000  00000efe  0003f102  R  X
  SRAM                  20000000   00008000  00000140  00007ec0  RW X


SEGMENT ALLOCATION MAP

run origin  load origin   length   init length attrs members
----------  ----------- ---------- ----------- ----- -------
00000000    00000000    00000f00   00000f00    r-x
  00000000    00000000    0000026c   0000026c    r-- .intvecs
  0000026c    0000026c    00000b32   00000b32    r-x .text
  00000da0    00000da0    00000128   00000128    r-- .const
  00000ec8    00000ec8    00000038   00000038    r-- .cinit
20000000    20000000    00000127   00000000    rw-
  20000000    20000000    00000100   00000000    rw- .stack
  20000100    20000100    00000027   00000000    rw- .bss
20000128    20000128    00000019   00000019    rw-
  20000128    20000128    00000019   00000019    rw- .data


SECTION ALLOCATION MAP

 output                                  attributes/
section   page    origin      length       input sections
--------  ----  ----------  ----------   ----------------
.intvecs   0    00000000    0000026c     
                  00000000    0000026c     startup_ccs.obj (.intvecs)

.init_array 
*          0    00000000    00000000     UNINITIALIZED

.text      0    0000026c    00000b32     
                  0000026c    0000013c     driverlib-cm4f.lib : sysctl.obj (.text:SysCtlClockSet)
                  000003a8    00000114     UART.obj (.text:UARTInit)
                  000004bc    000000c8     driverlib-cm4f.lib : gpio.obj (.text:GPIOPadConfigSet)
                  00000584    000000a4     main.obj (.text:main)
                  00000628    0000009c     rtsv7M4_T_le_v4SPD16_eabi.lib : memcpy_t2.obj (.text)
                  000006c4    00000094                                   : auto_init.obj (.text)
                  00000758    00000084     UART.obj (.text:UARTTask)
                  000007dc    00000080     UART.obj (.text:UARTIntHandler)
                  0000085c    00000064     driverlib-cm4f.lib : interrupt.obj (.text:IntEnable)
                  000008c0    0000005e     rtsv7M4_T_le_v4SPD16_eabi.lib : copy_decompress_rle.obj (.text)
                  0000091e    00000002     startup_ccs.obj (.text:FaultISR)
                  00000920    00000058     driverlib-cm4f.lib : sysctl.obj (.text:SysCtlPeripheralEnable)
                  00000978    00000048     Display.obj (.text:DisplayTask)
                  000009c0    00000048     driverlib-cm4f.lib : gpio.obj (.text:GPIOPinConfigure)
                  00000a08    00000048     rtsv7M4_T_le_v4SPD16_eabi.lib : boot.obj (.text)
                  00000a50    00000044                                   : cpy_tbl.obj (.text)
                  00000a94    00000042     driverlib-cm4f.lib : uart.obj (.text:UARTConfigSetExpClk)
                  00000ad6    00000002     startup_ccs.obj (.text:IntDefaultHandler)
                  00000ad8    00000040     UART.obj (.text:COMSend)
                  00000b18    00000040     UART.obj (.text:UARTSend)
                  00000b58    00000040     rtsv7M4_T_le_v4SPD16_eabi.lib : exit.obj (.text)
                  00000b98    0000002e     driverlib-cm4f.lib : gpio.obj (.text:GPIODirModeSet)
                  00000bc6    00000002     startup_ccs.obj (.text:NmiSR)
                  00000bc8    00000028     driverlib-cm4f.lib : timer.obj (.text:TimerConfigure)
                  00000bf0    0000001c     Display.obj (.text:DisplayInit)
                  00000c0c    0000001c     main.obj (.text:Timer0IntHandler)
                  00000c28    0000001c     driverlib-cm4f.lib : uart.obj (.text:UARTDisable)
                  00000c44    0000001c     UART.obj (.text:UARTGetBuffer)
                  00000c60    00000018     rtsv7M4_T_le_v4SPD16_eabi.lib : args_main.obj (.text)
                  00000c78    00000014     driverlib-cm4f.lib : uart.obj (.text:UARTEnable)
                  00000c8c    00000014     rtsv7M4_T_le_v4SPD16_eabi.lib : _lock.obj (.text)
                  00000ca0    00000012     driverlib-cm4f.lib : gpio.obj (.text:GPIOPinTypeGPIOOutput)
                  00000cb2    00000012                        : gpio.obj (.text:GPIOPinTypeGPIOOutputOD)
                  00000cc4    00000012                        : gpio.obj (.text:GPIOPinTypeUART)
                  00000cd6    00000012                        : timer.obj (.text:TimerLoadSet)
                  00000ce8    00000012     rtsv7M4_T_le_v4SPD16_eabi.lib : copy_zero_init.obj (.text:decompress:ZI)
                  00000cfa    00000002     --HOLE-- [fill = 0]
                  00000cfc    00000010     driverlib-cm4f.lib : fpu.obj (.text:FPUEnable)
                  00000d0c    00000010                        : fpu.obj (.text:FPULazyStackingEnable)
                  00000d1c    0000000e                        : timer.obj (.text:TimerEnable)
                  00000d2a    0000000e     rtsv7M4_T_le_v4SPD16_eabi.lib : copy_decompress_none.obj (.text:decompress:none)
                  00000d38    0000000c     driverlib-cm4f.lib : cpu.obj (.text:CPUcpsie)
                  00000d44    0000000a                        : gpio.obj (.text:GPIOPinWrite)
                  00000d4e    0000000a                        : interrupt.obj (.text:IntMasterEnable)
                  00000d58    0000000a                        : uart.obj (.text:UARTFIFOEnable)
                  00000d62    0000000a                        : uart.obj (.text:UARTIntDisable)
                  00000d6c    00000008                        : timer.obj (.text:TimerIntEnable)
                  00000d74    00000008                        : uart.obj (.text:UARTIntEnable)
                  00000d7c    00000006     startup_ccs.obj (.text:ResetISR)
                  00000d82    00000006     driverlib-cm4f.lib : sysctl.obj (.text:SysCtlDelay)
                  00000d88    00000006                        : uart.obj (.text:UARTClockSourceSet)
                  00000d8e    00000006                        : uart.obj (.text:UARTFIFOLevelSet)
                  00000d94    00000006     rtsv7M4_T_le_v4SPD16_eabi.lib : copy_decompress_rle.obj (.text:decompress:rle24)
                  00000d9a    00000004     driverlib-cm4f.lib : timer.obj (.text:TimerIntClear)

.const     0    00000da0    00000128     
                  00000da0    00000078     driverlib-cm4f.lib : gpio.obj (.const:g_pulGPIOBaseAddrs)
                  00000e18    00000070                        : interrupt.obj (.const)
                  00000e88    00000040                        : sysctl.obj (.const)

.cinit     0    00000ec8    00000038     
                  00000ec8    0000000f     (.cinit..data.load) [load image, compression = rle]
                  00000ed7    00000001     --HOLE-- [fill = 0]
                  00000ed8    0000000c     (__TI_handler_table)
                  00000ee4    00000004     --HOLE-- [fill = 0]
                  00000ee8    00000008     (.cinit..bss.load) [load image, compression = zero_init]
                  00000ef0    00000010     (__TI_cinit_table)

.stack     0    20000000    00000100     UNINITIALIZED
                  20000000    00000100     --HOLE--

.bss       0    20000100    00000027     UNINITIALIZED
                  20000100    0000001f     UART.obj (.bss)
                  2000011f    00000008     Display.obj (.bss)

.data      0    20000128    00000019     
                  20000128    00000008     rtsv7M4_T_le_v4SPD16_eabi.lib : _lock.obj (.data)
                  20000130    00000008                                   : exit.obj (.data)
                  20000138    00000004                                   : stkdepth_vars.obj (.data)
                  2000013c    00000001     UART.obj (.data)
                  2000013d    00000003     --HOLE--
                  20000140    00000001     main.obj (.data)


LINKER GENERATED COPY TABLES

__TI_cinit_table @ 00000ef0 records: 2, size/record: 8, table size: 16
	.data: load addr=00000ec8, load size=0000000f bytes, run addr=20000128, run size=00000019 bytes, compression=rle
	.bss: load addr=00000ee8, load size=00000008 bytes, run addr=20000100, run size=00000027 bytes, compression=zero_init


LINKER GENERATED HANDLER TABLE

__TI_handler_table @ 00000ed8 records: 3, size/record: 4, table size: 12
	index: 0, handler: __TI_decompress_rle24
	index: 1, handler: __TI_decompress_none
	index: 2, handler: __TI_zero_init


GLOBAL SYMBOLS: SORTED ALPHABETICALLY BY Name 

address    name
--------   ----
00000b59   C$$EXIT
00000ad9   COMSend
00000d39   CPUcpsie
00000bf1   DisplayInit
00000979   DisplayTask
00000cfd   FPUEnable
00000d0d   FPULazyStackingEnable
00000b99   GPIODirModeSet
000004bd   GPIOPadConfigSet
000009c1   GPIOPinConfigure
00000ca1   GPIOPinTypeGPIOOutput
00000cb3   GPIOPinTypeGPIOOutputOD
00000cc5   GPIOPinTypeUART
00000d45   GPIOPinWrite
0000085d   IntEnable
00000d4f   IntMasterEnable
00000d7d   ResetISR
UNDEFED    SHT$$INIT_ARRAY$$Base
UNDEFED    SHT$$INIT_ARRAY$$Limit
0000026d   SysCtlClockSet
00000d83   SysCtlDelay
00000921   SysCtlPeripheralEnable
00000c0d   Timer0IntHandler
00000bc9   TimerConfigure
00000d1d   TimerEnable
00000d9b   TimerIntClear
00000d6d   TimerIntEnable
00000cd7   TimerLoadSet
00000d89   UARTClockSourceSet
00000a95   UARTConfigSetExpClk
00000c29   UARTDisable
00000c79   UARTEnable
00000d59   UARTFIFOEnable
00000d8f   UARTFIFOLevelSet
00000c45   UARTGetBuffer
000003a9   UARTInit
00000d63   UARTIntDisable
00000d75   UARTIntEnable
000007dd   UARTIntHandler
00000b19   UARTSend
00000759   UARTTask
20000100   __STACK_END
00000100   __STACK_SIZE
20000100   __STACK_TOP
00000ef0   __TI_CINIT_Base
00000f00   __TI_CINIT_Limit
00000ed8   __TI_Handler_Table_Base
00000ee4   __TI_Handler_Table_Limit
00000001   __TI_args_main
000006c5   __TI_auto_init
00000d2b   __TI_decompress_none
00000d95   __TI_decompress_rle24
00000000   __TI_static_base__
00000ce9   __TI_zero_init
00000629   __aeabi_memcpy
00000629   __aeabi_memcpy4
00000629   __aeabi_memcpy8
ffffffff   __binit__
ffffffff   __c_args__
20000000   __stack
00000c61   _args_main
00000a09   _c_int00
20000130   _cleanup_ptr
20000134   _dtors_ptr
20000128   _lock
00000c9b   _nop
00000c93   _register_lock
00000c8d   _register_unlock
2000012c   _unlock
00000b5d   abort
ffffffff   binit
00000a51   copy_in
00000b65   exit
00000000   g_pfnVectors
00000585   main
20000138   main_func_sp
00000629   memcpy
20000140   tickFlag


GLOBAL SYMBOLS: SORTED BY Symbol Address 

address    name
--------   ----
00000000   __TI_static_base__
00000000   g_pfnVectors
00000001   __TI_args_main
00000100   __STACK_SIZE
0000026d   SysCtlClockSet
000003a9   UARTInit
000004bd   GPIOPadConfigSet
00000585   main
00000629   __aeabi_memcpy
00000629   __aeabi_memcpy4
00000629   __aeabi_memcpy8
00000629   memcpy
000006c5   __TI_auto_init
00000759   UARTTask
000007dd   UARTIntHandler
0000085d   IntEnable
00000921   SysCtlPeripheralEnable
00000979   DisplayTask
000009c1   GPIOPinConfigure
00000a09   _c_int00
00000a51   copy_in
00000a95   UARTConfigSetExpClk
00000ad9   COMSend
00000b19   UARTSend
00000b59   C$$EXIT
00000b5d   abort
00000b65   exit
00000b99   GPIODirModeSet
00000bc9   TimerConfigure
00000bf1   DisplayInit
00000c0d   Timer0IntHandler
00000c29   UARTDisable
00000c45   UARTGetBuffer
00000c61   _args_main
00000c79   UARTEnable
00000c8d   _register_unlock
00000c93   _register_lock
00000c9b   _nop
00000ca1   GPIOPinTypeGPIOOutput
00000cb3   GPIOPinTypeGPIOOutputOD
00000cc5   GPIOPinTypeUART
00000cd7   TimerLoadSet
00000ce9   __TI_zero_init
00000cfd   FPUEnable
00000d0d   FPULazyStackingEnable
00000d1d   TimerEnable
00000d2b   __TI_decompress_none
00000d39   CPUcpsie
00000d45   GPIOPinWrite
00000d4f   IntMasterEnable
00000d59   UARTFIFOEnable
00000d63   UARTIntDisable
00000d6d   TimerIntEnable
00000d75   UARTIntEnable
00000d7d   ResetISR
00000d83   SysCtlDelay
00000d89   UARTClockSourceSet
00000d8f   UARTFIFOLevelSet
00000d95   __TI_decompress_rle24
00000d9b   TimerIntClear
00000ed8   __TI_Handler_Table_Base
00000ee4   __TI_Handler_Table_Limit
00000ef0   __TI_CINIT_Base
00000f00   __TI_CINIT_Limit
20000000   __stack
20000100   __STACK_END
20000100   __STACK_TOP
20000128   _lock
2000012c   _unlock
20000130   _cleanup_ptr
20000134   _dtors_ptr
20000138   main_func_sp
20000140   tickFlag
ffffffff   __binit__
ffffffff   __c_args__
ffffffff   binit
UNDEFED    SHT$$INIT_ARRAY$$Base
UNDEFED    SHT$$INIT_ARRAY$$Limit

[78 symbols]
