******************************************************************************
                  TI ARM Linker PC v5.0.1                      
******************************************************************************
>> Linked Tue Jun 04 20:57:23 2013

OUTPUT FILE NAME:   <Braillearn_P20Dispatcher.out>
ENTRY POINT SYMBOL: "_c_int00"  address: 00000a1d


MEMORY CONFIGURATION

         name            origin    length      used     unused   attr    fill
----------------------  --------  ---------  --------  --------  ----  --------
  FLASH                 00000000   00040000  00000ea2  0003f15e  R  X
  SRAM                  20000000   00008000  00000140  00007ec0  RW X


SEGMENT ALLOCATION MAP

run origin  load origin   length   init length attrs members
----------  ----------- ---------- ----------- ----- -------
00000000    00000000    00000ea8   00000ea8    r-x
  00000000    00000000    0000026c   0000026c    r-- .intvecs
  0000026c    0000026c    00000ad6   00000ad6    r-x .text
  00000d44    00000d44    00000128   00000128    r-- .const
  00000e70    00000e70    00000038   00000038    r-- .cinit
20000000    20000000    00000127   00000000    rw-
  20000000    20000000    00000100   00000000    rw- .stack
  20000100    20000100    00000027   00000000    rw- .bss
20000128    20000128    00000019   00000019    rw-
  20000128    20000128    00000019   00000019    rw- .data


SECTION ALLOCATION MAP

 output                                  attributes/
section   page    origin      length       input sections
--------  ----  ----------  ----------   ----------------
.intvecs   0    00000000    0000026c     
                  00000000    0000026c     startup_ccs.obj (.intvecs)

.init_array 
*          0    00000000    00000000     UNINITIALIZED

.text      0    0000026c    00000ad6     
                  0000026c    0000013c     driverlib-cm4f.lib : sysctl.obj (.text:SysCtlClockSet)
                  000003a8    00000114     UART.obj (.text:UARTInit)
                  000004bc    000000c8     driverlib-cm4f.lib : gpio.obj (.text:GPIOPadConfigSet)
                  00000584    000000a0     Display.obj (.text:DisplayTask)
                  00000624    0000009c     rtsv7M4_T_le_v4SPD16_eabi.lib : memcpy_t2.obj (.text)
                  000006c0    00000094                                   : auto_init.obj (.text)
                  00000754    00000080     UART.obj (.text:UARTIntHandler)
                  000007d4    00000078     main.obj (.text:main)
                  0000084c    0000006c     UART.obj (.text:UARTTask)
                  000008b8    00000064     driverlib-cm4f.lib : interrupt.obj (.text:IntEnable)
                  0000091c    0000005e     rtsv7M4_T_le_v4SPD16_eabi.lib : copy_decompress_rle.obj (.text)
                  0000097a    00000002     startup_ccs.obj (.text:FaultISR)
                  0000097c    00000058     driverlib-cm4f.lib : sysctl.obj (.text:SysCtlPeripheralEnable)
                  000009d4    00000048                        : gpio.obj (.text:GPIOPinConfigure)
                  00000a1c    00000048     rtsv7M4_T_le_v4SPD16_eabi.lib : boot.obj (.text)
                  00000a64    00000044                                   : cpy_tbl.obj (.text)
                  00000aa8    00000042     driverlib-cm4f.lib : uart.obj (.text:UARTConfigSetExpClk)
                  00000aea    00000002     startup_ccs.obj (.text:IntDefaultHandler)
                  00000aec    00000040     rtsv7M4_T_le_v4SPD16_eabi.lib : exit.obj (.text)
                  00000b2c    0000002e     driverlib-cm4f.lib : gpio.obj (.text:GPIODirModeSet)
                  00000b5a    00000002     startup_ccs.obj (.text:NmiSR)
                  00000b5c    00000028     driverlib-cm4f.lib : timer.obj (.text:TimerConfigure)
                  00000b84    00000024     UART.obj (.text:UARTSend)
                  00000ba8    0000001c     Display.obj (.text:DisplayInit)
                  00000bc4    0000001c     main.obj (.text:Timer0IntHandler)
                  00000be0    0000001c     driverlib-cm4f.lib : uart.obj (.text:UARTDisable)
                  00000bfc    0000001c     UART.obj (.text:UARTGetBuffer)
                  00000c18    00000018     rtsv7M4_T_le_v4SPD16_eabi.lib : args_main.obj (.text)
                  00000c30    00000014     driverlib-cm4f.lib : uart.obj (.text:UARTEnable)
                  00000c44    00000014     rtsv7M4_T_le_v4SPD16_eabi.lib : _lock.obj (.text)
                  00000c58    00000012     driverlib-cm4f.lib : gpio.obj (.text:GPIOPinTypeGPIOOutputOD)
                  00000c6a    00000012                        : gpio.obj (.text:GPIOPinTypeUART)
                  00000c7c    00000012                        : timer.obj (.text:TimerLoadSet)
                  00000c8e    00000012     rtsv7M4_T_le_v4SPD16_eabi.lib : copy_zero_init.obj (.text:decompress:ZI)
                  00000ca0    00000010     driverlib-cm4f.lib : fpu.obj (.text:FPUEnable)
                  00000cb0    00000010                        : fpu.obj (.text:FPULazyStackingEnable)
                  00000cc0    0000000e                        : timer.obj (.text:TimerEnable)
                  00000cce    0000000e     rtsv7M4_T_le_v4SPD16_eabi.lib : copy_decompress_none.obj (.text:decompress:none)
                  00000cdc    0000000c     driverlib-cm4f.lib : cpu.obj (.text:CPUcpsie)
                  00000ce8    0000000a                        : gpio.obj (.text:GPIOPinWrite)
                  00000cf2    0000000a                        : interrupt.obj (.text:IntMasterEnable)
                  00000cfc    0000000a                        : uart.obj (.text:UARTFIFOEnable)
                  00000d06    0000000a                        : uart.obj (.text:UARTIntDisable)
                  00000d10    00000008                        : timer.obj (.text:TimerIntEnable)
                  00000d18    00000008                        : uart.obj (.text:UARTIntEnable)
                  00000d20    00000006     startup_ccs.obj (.text:ResetISR)
                  00000d26    00000006     driverlib-cm4f.lib : sysctl.obj (.text:SysCtlDelay)
                  00000d2c    00000006                        : uart.obj (.text:UARTClockSourceSet)
                  00000d32    00000006                        : uart.obj (.text:UARTFIFOLevelSet)
                  00000d38    00000006     rtsv7M4_T_le_v4SPD16_eabi.lib : copy_decompress_rle.obj (.text:decompress:rle24)
                  00000d3e    00000004     driverlib-cm4f.lib : timer.obj (.text:TimerIntClear)

.const     0    00000d44    00000128     
                  00000d44    00000078     driverlib-cm4f.lib : gpio.obj (.const:g_pulGPIOBaseAddrs)
                  00000dbc    00000070                        : interrupt.obj (.const)
                  00000e2c    00000040                        : sysctl.obj (.const)

.cinit     0    00000e70    00000038     
                  00000e70    0000000f     (.cinit..data.load) [load image, compression = rle]
                  00000e7f    00000001     --HOLE-- [fill = 0]
                  00000e80    0000000c     (__TI_handler_table)
                  00000e8c    00000004     --HOLE-- [fill = 0]
                  00000e90    00000008     (.cinit..bss.load) [load image, compression = zero_init]
                  00000e98    00000010     (__TI_cinit_table)

.stack     0    20000000    00000100     UNINITIALIZED
                  20000000    00000100     --HOLE--

.bss       0    20000100    00000027     UNINITIALIZED
                  20000100    0000001f     UART.obj (.bss)
                  2000011f    00000008     Display.obj (.bss)

.data      0    20000128    00000019     
                  20000128    00000008     rtsv7M4_T_le_v4SPD16_eabi.lib : _lock.obj (.data)
                  20000130    00000008                                   : exit.obj (.data)
                  20000138    00000004                                   : stkdepth_vars.obj (.data)
                  2000013c    00000001     UART.obj (.data)
                  2000013d    00000003     --HOLE--
                  20000140    00000001     main.obj (.data)


LINKER GENERATED COPY TABLES

__TI_cinit_table @ 00000e98 records: 2, size/record: 8, table size: 16
	.data: load addr=00000e70, load size=0000000f bytes, run addr=20000128, run size=00000019 bytes, compression=rle
	.bss: load addr=00000e90, load size=00000008 bytes, run addr=20000100, run size=00000027 bytes, compression=zero_init


LINKER GENERATED HANDLER TABLE

__TI_handler_table @ 00000e80 records: 3, size/record: 4, table size: 12
	index: 0, handler: __TI_decompress_rle24
	index: 1, handler: __TI_decompress_none
	index: 2, handler: __TI_zero_init


GLOBAL SYMBOLS: SORTED ALPHABETICALLY BY Name 

address    name
--------   ----
00000aed   C$$EXIT
00000cdd   CPUcpsie
00000ba9   DisplayInit
00000585   DisplayTask
00000ca1   FPUEnable
00000cb1   FPULazyStackingEnable
00000b2d   GPIODirModeSet
000004bd   GPIOPadConfigSet
000009d5   GPIOPinConfigure
00000c59   GPIOPinTypeGPIOOutputOD
00000c6b   GPIOPinTypeUART
00000ce9   GPIOPinWrite
000008b9   IntEnable
00000cf3   IntMasterEnable
00000d21   ResetISR
UNDEFED    SHT$$INIT_ARRAY$$Base
UNDEFED    SHT$$INIT_ARRAY$$Limit
0000026d   SysCtlClockSet
00000d27   SysCtlDelay
0000097d   SysCtlPeripheralEnable
00000bc5   Timer0IntHandler
00000b5d   TimerConfigure
00000cc1   TimerEnable
00000d3f   TimerIntClear
00000d11   TimerIntEnable
00000c7d   TimerLoadSet
00000d2d   UARTClockSourceSet
00000aa9   UARTConfigSetExpClk
00000be1   UARTDisable
00000c31   UARTEnable
00000cfd   UARTFIFOEnable
00000d33   UARTFIFOLevelSet
00000bfd   UARTGetBuffer
000003a9   UARTInit
00000d07   UARTIntDisable
00000d19   UARTIntEnable
00000755   UARTIntHandler
00000b85   UARTSend
0000084d   UARTTask
20000100   __STACK_END
00000100   __STACK_SIZE
20000100   __STACK_TOP
00000e98   __TI_CINIT_Base
00000ea8   __TI_CINIT_Limit
00000e80   __TI_Handler_Table_Base
00000e8c   __TI_Handler_Table_Limit
00000001   __TI_args_main
000006c1   __TI_auto_init
00000ccf   __TI_decompress_none
00000d39   __TI_decompress_rle24
00000000   __TI_static_base__
00000c8f   __TI_zero_init
00000625   __aeabi_memcpy
00000625   __aeabi_memcpy4
00000625   __aeabi_memcpy8
ffffffff   __binit__
ffffffff   __c_args__
20000000   __stack
00000c19   _args_main
00000a1d   _c_int00
20000130   _cleanup_ptr
20000134   _dtors_ptr
20000128   _lock
00000c53   _nop
00000c4b   _register_lock
00000c45   _register_unlock
2000012c   _unlock
00000af1   abort
ffffffff   binit
00000a65   copy_in
00000af9   exit
00000000   g_pfnVectors
000007d5   main
20000138   main_func_sp
00000625   memcpy
20000140   tickFlag


GLOBAL SYMBOLS: SORTED BY Symbol Address 

address    name
--------   ----
00000000   __TI_static_base__
00000000   g_pfnVectors
00000001   __TI_args_main
00000100   __STACK_SIZE
0000026d   SysCtlClockSet
000003a9   UARTInit
000004bd   GPIOPadConfigSet
00000585   DisplayTask
00000625   __aeabi_memcpy
00000625   __aeabi_memcpy4
00000625   __aeabi_memcpy8
00000625   memcpy
000006c1   __TI_auto_init
00000755   UARTIntHandler
000007d5   main
0000084d   UARTTask
000008b9   IntEnable
0000097d   SysCtlPeripheralEnable
000009d5   GPIOPinConfigure
00000a1d   _c_int00
00000a65   copy_in
00000aa9   UARTConfigSetExpClk
00000aed   C$$EXIT
00000af1   abort
00000af9   exit
00000b2d   GPIODirModeSet
00000b5d   TimerConfigure
00000b85   UARTSend
00000ba9   DisplayInit
00000bc5   Timer0IntHandler
00000be1   UARTDisable
00000bfd   UARTGetBuffer
00000c19   _args_main
00000c31   UARTEnable
00000c45   _register_unlock
00000c4b   _register_lock
00000c53   _nop
00000c59   GPIOPinTypeGPIOOutputOD
00000c6b   GPIOPinTypeUART
00000c7d   TimerLoadSet
00000c8f   __TI_zero_init
00000ca1   FPUEnable
00000cb1   FPULazyStackingEnable
00000cc1   TimerEnable
00000ccf   __TI_decompress_none
00000cdd   CPUcpsie
00000ce9   GPIOPinWrite
00000cf3   IntMasterEnable
00000cfd   UARTFIFOEnable
00000d07   UARTIntDisable
00000d11   TimerIntEnable
00000d19   UARTIntEnable
00000d21   ResetISR
00000d27   SysCtlDelay
00000d2d   UARTClockSourceSet
00000d33   UARTFIFOLevelSet
00000d39   __TI_decompress_rle24
00000d3f   TimerIntClear
00000e80   __TI_Handler_Table_Base
00000e8c   __TI_Handler_Table_Limit
00000e98   __TI_CINIT_Base
00000ea8   __TI_CINIT_Limit
20000000   __stack
20000100   __STACK_END
20000100   __STACK_TOP
20000128   _lock
2000012c   _unlock
20000130   _cleanup_ptr
20000134   _dtors_ptr
20000138   main_func_sp
20000140   tickFlag
ffffffff   __binit__
ffffffff   __c_args__
ffffffff   binit
UNDEFED    SHT$$INIT_ARRAY$$Base
UNDEFED    SHT$$INIT_ARRAY$$Limit

[76 symbols]
