******************************************************************************
                  TI ARM Linker PC v5.0.1                      
******************************************************************************
>> Linked Wed May 22 01:20:39 2013

OUTPUT FILE NAME:   <Braillearn.out>
ENTRY POINT SYMBOL: "_c_int00"  address: 00000c51


MEMORY CONFIGURATION

         name            origin    length      used     unused   attr    fill
----------------------  --------  ---------  --------  --------  ----  --------
  FLASH                 00000000   00040000  0000123e  0003edc2  R  X
  SRAM                  20000000   00008000  00000223  00007ddd  RW X


SEGMENT ALLOCATION MAP

run origin  load origin   length   init length attrs members
----------  ----------- ---------- ----------- ----- -------
00000000    00000000    00001240   00001240    r-x
  00000000    00000000    0000026c   0000026c    r-- .intvecs
  0000026c    0000026c    00000d1a   00000d1a    r-x .text
  00000f88    00000f88    000001d0   000001d0    r-- .const
  00001158    00001158    000000e8   000000e8    r-- .cinit
20000000    20000000    00000224   00000121    rw-
  20000000    20000000    00000121   00000121    rw- .data
  20000122    20000122    00000002   00000000    rw- .bss
  20000124    20000124    00000100   00000000    rw- .stack


SECTION ALLOCATION MAP

 output                                  attributes/
section   page    origin      length       input sections
--------  ----  ----------  ----------   ----------------
.intvecs   0    00000000    0000026c     
                  00000000    0000026c     startup_ccs.obj (.intvecs)

.init_array 
*          0    00000000    00000000     UNINITIALIZED

.text      0    0000026c    00000d1a     
                  0000026c    000001d8     driverlib-cm4f.lib : sysctl.obj (.text:SysCtlClockGet)
                  00000444    00000148     Control.obj (.text:CntlTask)
                  0000058c    0000013c     driverlib-cm4f.lib : sysctl.obj (.text:SysCtlClockSet)
                  000006c8    000000c8                        : gpio.obj (.text:GPIOPadConfigSet)
                  00000790    000000c0     main.obj (.text:main)
                  00000850    0000009c     rtsv7M4_T_le_v4SPD16_eabi.lib : memcpy_t2.obj (.text)
                  000008ec    00000094     UART.obj (.text:UARTInit)
                  00000980    00000094     rtsv7M4_T_le_v4SPD16_eabi.lib : auto_init.obj (.text)
                  00000a14    00000070     UART.obj (.text:UARTIntHandler)
                  00000a84    00000068     Key.obj (.text:KeyTask)
                  00000aec    00000064     driverlib-cm4f.lib : interrupt.obj (.text:IntEnable)
                  00000b50    0000005e     rtsv7M4_T_le_v4SPD16_eabi.lib : copy_decompress_rle.obj (.text)
                  00000bae    00000002     Control.obj (.text:CntlInit)
                  00000bb0    00000058     driverlib-cm4f.lib : sysctl.obj (.text:SysCtlPeripheralEnable)
                  00000c08    00000048                        : gpio.obj (.text:GPIOPinConfigure)
                  00000c50    00000048     rtsv7M4_T_le_v4SPD16_eabi.lib : boot.obj (.text)
                  00000c98    00000044                                   : cpy_tbl.obj (.text)
                  00000cdc    00000040     UART.obj (.text:UARTSend)
                  00000d1c    00000040     rtsv7M4_T_le_v4SPD16_eabi.lib : exit.obj (.text)
                  00000d5c    0000003c     Key.obj (.text:KeyInit)
                  00000d98    0000003c     main.obj (.text:Timer0IntHandler)
                  00000dd4    00000034     Key.obj (.text:GetKey)
                  00000e08    0000002e     driverlib-cm4f.lib : gpio.obj (.text:GPIODirModeSet)
                  00000e36    00000002     startup_ccs.obj (.text:FaultISR)
                  00000e38    00000028     driverlib-cm4f.lib : timer.obj (.text:TimerConfigure)
                  00000e60    00000026     Key.obj (.text:IsCntlKey)
                  00000e86    00000002     startup_ccs.obj (.text:IntDefaultHandler)
                  00000e88    00000024     Key.obj (.text:KeyScan)
                  00000eac    00000018     rtsv7M4_T_le_v4SPD16_eabi.lib : args_main.obj (.text)
                  00000ec4    00000014                                   : _lock.obj (.text)
                  00000ed8    00000012     driverlib-cm4f.lib : gpio.obj (.text:GPIOPinTypeGPIOInput)
                  00000eea    00000012                        : gpio.obj (.text:GPIOPinTypeGPIOOutput)
                  00000efc    00000012                        : timer.obj (.text:TimerLoadSet)
                  00000f0e    00000012     rtsv7M4_T_le_v4SPD16_eabi.lib : copy_zero_init.obj (.text:decompress:ZI)
                  00000f20    0000000e     driverlib-cm4f.lib : timer.obj (.text:TimerEnable)
                  00000f2e    0000000e     rtsv7M4_T_le_v4SPD16_eabi.lib : copy_decompress_none.obj (.text:decompress:none)
                  00000f3c    0000000c     driverlib-cm4f.lib : cpu.obj (.text:CPUcpsie)
                  00000f48    0000000a                        : gpio.obj (.text:GPIOPinRead)
                  00000f52    0000000a                        : gpio.obj (.text:GPIOPinWrite)
                  00000f5c    0000000a                        : interrupt.obj (.text:IntMasterEnable)
                  00000f66    00000008                        : timer.obj (.text:TimerIntEnable)
                  00000f6e    00000006     startup_ccs.obj (.text:ResetISR)
                  00000f74    00000006     driverlib-cm4f.lib : sysctl.obj (.text:SysCtlDelay)
                  00000f7a    00000006     rtsv7M4_T_le_v4SPD16_eabi.lib : copy_decompress_rle.obj (.text:decompress:rle24)
                  00000f80    00000004     driverlib-cm4f.lib : timer.obj (.text:TimerIntClear)
                  00000f84    00000002     startup_ccs.obj (.text:NmiSR)

.const     0    00000f88    000001d0     
                  00000f88    00000078     driverlib-cm4f.lib : gpio.obj (.const:g_pulGPIOBaseAddrs)
                  00001000    00000070                        : interrupt.obj (.const)
                  00001070    0000006c                        : sysctl.obj (.const:g_pulXtals)
                  000010dc    00000040                        : sysctl.obj (.const)
                  0000111c    0000003c     Control.obj (.const:.string:menuStr1)

.cinit     0    00001158    000000e8     
                  00001158    000000c3     (.cinit..data.load) [load image, compression = rle]
                  0000121b    00000001     --HOLE-- [fill = 0]
                  0000121c    0000000c     (__TI_handler_table)
                  00001228    00000008     (.cinit..bss.load) [load image, compression = zero_init]
                  00001230    00000010     (__TI_cinit_table)

.data      0    20000000    00000121     
                  20000000    00000100     Key.obj (.data:UBrailleLookup)
                  20000100    00000008     rtsv7M4_T_le_v4SPD16_eabi.lib : _lock.obj (.data)
                  20000108    00000008                                   : exit.obj (.data)
                  20000110    00000006     Control.obj (.data)
                  20000116    00000002     --HOLE--
                  20000118    00000004     rtsv7M4_T_le_v4SPD16_eabi.lib : stkdepth_vars.obj (.data)
                  2000011c    00000003     Key.obj (.data)
                  2000011f    00000001     --HOLE--
                  20000120    00000001     main.obj (.data)

.bss       0    20000122    00000002     UNINITIALIZED
                  20000122    00000002     Key.obj (.bss)

.stack     0    20000124    00000100     UNINITIALIZED
                  20000124    00000100     --HOLE--


LINKER GENERATED COPY TABLES

__TI_cinit_table @ 00001230 records: 2, size/record: 8, table size: 16
	.data: load addr=00001158, load size=000000c3 bytes, run addr=20000000, run size=00000121 bytes, compression=rle
	.bss: load addr=00001228, load size=00000008 bytes, run addr=20000122, run size=00000002 bytes, compression=zero_init


LINKER GENERATED HANDLER TABLE

__TI_handler_table @ 0000121c records: 3, size/record: 4, table size: 12
	index: 0, handler: __TI_decompress_rle24
	index: 1, handler: __TI_decompress_none
	index: 2, handler: __TI_zero_init


GLOBAL SYMBOLS: SORTED ALPHABETICALLY BY Name 

address    name
--------   ----
00000d1d   C$$EXIT
00000f3d   CPUcpsie
00000baf   CntlInit
00000445   CntlTask
00000e09   GPIODirModeSet
000006c9   GPIOPadConfigSet
00000c09   GPIOPinConfigure
00000f49   GPIOPinRead
00000ed9   GPIOPinTypeGPIOInput
00000eeb   GPIOPinTypeGPIOOutput
00000f53   GPIOPinWrite
00000dd5   GetKey
00000aed   IntEnable
00000f5d   IntMasterEnable
00000e61   IsCntlKey
00000d5d   KeyInit
00000a85   KeyTask
00000f6f   ResetISR
UNDEFED    SHT$$INIT_ARRAY$$Base
UNDEFED    SHT$$INIT_ARRAY$$Limit
0000026d   SysCtlClockGet
0000058d   SysCtlClockSet
00000f75   SysCtlDelay
00000bb1   SysCtlPeripheralEnable
00000d99   Timer0IntHandler
00000e39   TimerConfigure
00000f21   TimerEnable
00000f81   TimerIntClear
00000f67   TimerIntEnable
00000efd   TimerLoadSet
000008ed   UARTInit
00000a15   UARTIntHandler
00000cdd   UARTSend
20000224   __STACK_END
00000100   __STACK_SIZE
20000224   __STACK_TOP
00001230   __TI_CINIT_Base
00001240   __TI_CINIT_Limit
0000121c   __TI_Handler_Table_Base
00001228   __TI_Handler_Table_Limit
00000001   __TI_args_main
00000981   __TI_auto_init
00000f2f   __TI_decompress_none
00000f7b   __TI_decompress_rle24
00000000   __TI_static_base__
00000f0f   __TI_zero_init
00000851   __aeabi_memcpy
00000851   __aeabi_memcpy4
00000851   __aeabi_memcpy8
ffffffff   __binit__
ffffffff   __c_args__
20000124   __stack
00000ead   _args_main
00000c51   _c_int00
20000108   _cleanup_ptr
2000010c   _dtors_ptr
20000100   _lock
00000ed3   _nop
00000ecb   _register_lock
00000ec5   _register_unlock
20000104   _unlock
00000d21   abort
ffffffff   binit
00000c99   copy_in
00000d29   exit
00000000   g_pfnVectors
00000791   main
20000118   main_func_sp
00000851   memcpy
0000111c   menuStr1
20000120   tickFlag


GLOBAL SYMBOLS: SORTED BY Symbol Address 

address    name
--------   ----
00000000   __TI_static_base__
00000000   g_pfnVectors
00000001   __TI_args_main
00000100   __STACK_SIZE
0000026d   SysCtlClockGet
00000445   CntlTask
0000058d   SysCtlClockSet
000006c9   GPIOPadConfigSet
00000791   main
00000851   __aeabi_memcpy
00000851   __aeabi_memcpy4
00000851   __aeabi_memcpy8
00000851   memcpy
000008ed   UARTInit
00000981   __TI_auto_init
00000a15   UARTIntHandler
00000a85   KeyTask
00000aed   IntEnable
00000baf   CntlInit
00000bb1   SysCtlPeripheralEnable
00000c09   GPIOPinConfigure
00000c51   _c_int00
00000c99   copy_in
00000cdd   UARTSend
00000d1d   C$$EXIT
00000d21   abort
00000d29   exit
00000d5d   KeyInit
00000d99   Timer0IntHandler
00000dd5   GetKey
00000e09   GPIODirModeSet
00000e39   TimerConfigure
00000e61   IsCntlKey
00000ead   _args_main
00000ec5   _register_unlock
00000ecb   _register_lock
00000ed3   _nop
00000ed9   GPIOPinTypeGPIOInput
00000eeb   GPIOPinTypeGPIOOutput
00000efd   TimerLoadSet
00000f0f   __TI_zero_init
00000f21   TimerEnable
00000f2f   __TI_decompress_none
00000f3d   CPUcpsie
00000f49   GPIOPinRead
00000f53   GPIOPinWrite
00000f5d   IntMasterEnable
00000f67   TimerIntEnable
00000f6f   ResetISR
00000f75   SysCtlDelay
00000f7b   __TI_decompress_rle24
00000f81   TimerIntClear
0000111c   menuStr1
0000121c   __TI_Handler_Table_Base
00001228   __TI_Handler_Table_Limit
00001230   __TI_CINIT_Base
00001240   __TI_CINIT_Limit
20000100   _lock
20000104   _unlock
20000108   _cleanup_ptr
2000010c   _dtors_ptr
20000118   main_func_sp
20000120   tickFlag
20000124   __stack
20000224   __STACK_END
20000224   __STACK_TOP
ffffffff   __binit__
ffffffff   __c_args__
ffffffff   binit
UNDEFED    SHT$$INIT_ARRAY$$Base
UNDEFED    SHT$$INIT_ARRAY$$Limit

[71 symbols]
