******************************************************************************
                  TI ARM Linker PC v5.0.1                      
******************************************************************************
>> Linked Sun May 26 21:32:58 2013

OUTPUT FILE NAME:   <Braillearn_P20Dispatcher.out>
ENTRY POINT SYMBOL: "_c_int00"  address: 00000965


MEMORY CONFIGURATION

         name            origin    length      used     unused   attr    fill
----------------------  --------  ---------  --------  --------  ----  --------
  FLASH                 00000000   00040000  00000e5a  0003f1a6  R  X
  SRAM                  20000000   00008000  00000140  00007ec0  RW X


SEGMENT ALLOCATION MAP

run origin  load origin   length   init length attrs members
----------  ----------- ---------- ----------- ----- -------
00000000    00000000    00000e60   00000e60    r-x
  00000000    00000000    0000026c   0000026c    r-- .intvecs
  0000026c    0000026c    00000a8e   00000a8e    r-x .text
  00000cfc    00000cfc    00000128   00000128    r-- .const
  00000e28    00000e28    00000038   00000038    r-- .cinit
20000000    20000000    00000127   00000000    rw-
  20000000    20000000    00000100   00000000    rw- .stack
  20000100    20000100    00000027   00000000    rw- .bss
20000128    20000128    00000019   00000019    rw-
  20000128    20000128    00000019   00000019    rw- .data


SECTION ALLOCATION MAP

 output                                  attributes/
section   page    origin      length       input sections
--------  ----  ----------  ----------   ----------------
.intvecs   0    00000000    0000026c     
                  00000000    0000026c     startup_ccs.obj (.intvecs)

.init_array 
*          0    00000000    00000000     UNINITIALIZED

.text      0    0000026c    00000a8e     
                  0000026c    0000013c     driverlib-cm4f.lib : sysctl.obj (.text:SysCtlClockSet)
                  000003a8    000000c8                        : gpio.obj (.text:GPIOPadConfigSet)
                  00000470    000000b8     UART.obj (.text:UARTInit)
                  00000528    000000a4     main.obj (.text:main)
                  000005cc    0000009c     rtsv7M4_T_le_v4SPD16_eabi.lib : memcpy_t2.obj (.text)
                  00000668    00000094                                   : auto_init.obj (.text)
                  000006fc    00000084     UART.obj (.text:UARTTask)
                  00000780    00000080     UART.obj (.text:UARTIntHandler)
                  00000800    00000064     driverlib-cm4f.lib : interrupt.obj (.text:IntEnable)
                  00000864    0000005e     rtsv7M4_T_le_v4SPD16_eabi.lib : copy_decompress_rle.obj (.text)
                  000008c2    00000002     startup_ccs.obj (.text:FaultISR)
                  000008c4    00000058     driverlib-cm4f.lib : sysctl.obj (.text:SysCtlPeripheralEnable)
                  0000091c    00000048                        : gpio.obj (.text:GPIOPinConfigure)
                  00000964    00000048     rtsv7M4_T_le_v4SPD16_eabi.lib : boot.obj (.text)
                  000009ac    00000044                                   : cpy_tbl.obj (.text)
                  000009f0    00000042     driverlib-cm4f.lib : uart.obj (.text:UARTConfigSetExpClk)
                  00000a32    00000002     startup_ccs.obj (.text:IntDefaultHandler)
                  00000a34    00000040     Display.obj (.text:DisplayTask)
                  00000a74    00000040     UART.obj (.text:UARTSend)
                  00000ab4    00000040     rtsv7M4_T_le_v4SPD16_eabi.lib : exit.obj (.text)
                  00000af4    0000002e     driverlib-cm4f.lib : gpio.obj (.text:GPIODirModeSet)
                  00000b22    00000002     startup_ccs.obj (.text:NmiSR)
                  00000b24    00000028     driverlib-cm4f.lib : timer.obj (.text:TimerConfigure)
                  00000b4c    0000001c     Display.obj (.text:DisplayInit)
                  00000b68    0000001c     main.obj (.text:Timer0IntHandler)
                  00000b84    0000001c     driverlib-cm4f.lib : uart.obj (.text:UARTDisable)
                  00000ba0    0000001c     UART.obj (.text:UARTGetBuffer)
                  00000bbc    00000018     rtsv7M4_T_le_v4SPD16_eabi.lib : args_main.obj (.text)
                  00000bd4    00000014     driverlib-cm4f.lib : uart.obj (.text:UARTEnable)
                  00000be8    00000014     rtsv7M4_T_le_v4SPD16_eabi.lib : _lock.obj (.text)
                  00000bfc    00000012     driverlib-cm4f.lib : gpio.obj (.text:GPIOPinTypeGPIOOutput)
                  00000c0e    00000012                        : gpio.obj (.text:GPIOPinTypeGPIOOutputOD)
                  00000c20    00000012                        : gpio.obj (.text:GPIOPinTypeUART)
                  00000c32    00000012                        : timer.obj (.text:TimerLoadSet)
                  00000c44    00000012     rtsv7M4_T_le_v4SPD16_eabi.lib : copy_zero_init.obj (.text:decompress:ZI)
                  00000c56    00000002     --HOLE-- [fill = 0]
                  00000c58    00000010     driverlib-cm4f.lib : fpu.obj (.text:FPUEnable)
                  00000c68    00000010                        : fpu.obj (.text:FPULazyStackingEnable)
                  00000c78    0000000e                        : timer.obj (.text:TimerEnable)
                  00000c86    0000000e     rtsv7M4_T_le_v4SPD16_eabi.lib : copy_decompress_none.obj (.text:decompress:none)
                  00000c94    0000000c     driverlib-cm4f.lib : cpu.obj (.text:CPUcpsie)
                  00000ca0    0000000a                        : gpio.obj (.text:GPIOPinWrite)
                  00000caa    0000000a                        : interrupt.obj (.text:IntMasterEnable)
                  00000cb4    0000000a                        : uart.obj (.text:UARTFIFOEnable)
                  00000cbe    0000000a                        : uart.obj (.text:UARTIntDisable)
                  00000cc8    00000008                        : timer.obj (.text:TimerIntEnable)
                  00000cd0    00000008                        : uart.obj (.text:UARTIntEnable)
                  00000cd8    00000006     startup_ccs.obj (.text:ResetISR)
                  00000cde    00000006     driverlib-cm4f.lib : sysctl.obj (.text:SysCtlDelay)
                  00000ce4    00000006                        : uart.obj (.text:UARTClockSourceSet)
                  00000cea    00000006                        : uart.obj (.text:UARTFIFOLevelSet)
                  00000cf0    00000006     rtsv7M4_T_le_v4SPD16_eabi.lib : copy_decompress_rle.obj (.text:decompress:rle24)
                  00000cf6    00000004     driverlib-cm4f.lib : timer.obj (.text:TimerIntClear)

.const     0    00000cfc    00000128     
                  00000cfc    00000078     driverlib-cm4f.lib : gpio.obj (.const:g_pulGPIOBaseAddrs)
                  00000d74    00000070                        : interrupt.obj (.const)
                  00000de4    00000040                        : sysctl.obj (.const)

.cinit     0    00000e28    00000038     
                  00000e28    0000000f     (.cinit..data.load) [load image, compression = rle]
                  00000e37    00000001     --HOLE-- [fill = 0]
                  00000e38    0000000c     (__TI_handler_table)
                  00000e44    00000004     --HOLE-- [fill = 0]
                  00000e48    00000008     (.cinit..bss.load) [load image, compression = zero_init]
                  00000e50    00000010     (__TI_cinit_table)

.stack     0    20000000    00000100     UNINITIALIZED
                  20000000    00000100     --HOLE--

.bss       0    20000100    00000027     UNINITIALIZED
                  20000100    0000001f     UART.obj (.bss)
                  2000011f    00000008     Display.obj (.bss)

.data      0    20000128    00000019     
                  20000128    00000008     rtsv7M4_T_le_v4SPD16_eabi.lib : _lock.obj (.data)
                  20000130    00000008                                   : exit.obj (.data)
                  20000138    00000004                                   : stkdepth_vars.obj (.data)
                  2000013c    00000001     UART.obj (.data)
                  2000013d    00000003     --HOLE--
                  20000140    00000001     main.obj (.data)


LINKER GENERATED COPY TABLES

__TI_cinit_table @ 00000e50 records: 2, size/record: 8, table size: 16
	.data: load addr=00000e28, load size=0000000f bytes, run addr=20000128, run size=00000019 bytes, compression=rle
	.bss: load addr=00000e48, load size=00000008 bytes, run addr=20000100, run size=00000027 bytes, compression=zero_init


LINKER GENERATED HANDLER TABLE

__TI_handler_table @ 00000e38 records: 3, size/record: 4, table size: 12
	index: 0, handler: __TI_decompress_rle24
	index: 1, handler: __TI_decompress_none
	index: 2, handler: __TI_zero_init


GLOBAL SYMBOLS: SORTED ALPHABETICALLY BY Name 

address    name
--------   ----
00000ab5   C$$EXIT
00000c95   CPUcpsie
00000b4d   DisplayInit
00000a35   DisplayTask
00000c59   FPUEnable
00000c69   FPULazyStackingEnable
00000af5   GPIODirModeSet
000003a9   GPIOPadConfigSet
0000091d   GPIOPinConfigure
00000bfd   GPIOPinTypeGPIOOutput
00000c0f   GPIOPinTypeGPIOOutputOD
00000c21   GPIOPinTypeUART
00000ca1   GPIOPinWrite
00000801   IntEnable
00000cab   IntMasterEnable
00000cd9   ResetISR
UNDEFED    SHT$$INIT_ARRAY$$Base
UNDEFED    SHT$$INIT_ARRAY$$Limit
0000026d   SysCtlClockSet
00000cdf   SysCtlDelay
000008c5   SysCtlPeripheralEnable
00000b69   Timer0IntHandler
00000b25   TimerConfigure
00000c79   TimerEnable
00000cf7   TimerIntClear
00000cc9   TimerIntEnable
00000c33   TimerLoadSet
00000ce5   UARTClockSourceSet
000009f1   UARTConfigSetExpClk
00000b85   UARTDisable
00000bd5   UARTEnable
00000cb5   UARTFIFOEnable
00000ceb   UARTFIFOLevelSet
00000ba1   UARTGetBuffer
00000471   UARTInit
00000cbf   UARTIntDisable
00000cd1   UARTIntEnable
00000781   UARTIntHandler
00000a75   UARTSend
000006fd   UARTTask
20000100   __STACK_END
00000100   __STACK_SIZE
20000100   __STACK_TOP
00000e50   __TI_CINIT_Base
00000e60   __TI_CINIT_Limit
00000e38   __TI_Handler_Table_Base
00000e44   __TI_Handler_Table_Limit
00000001   __TI_args_main
00000669   __TI_auto_init
00000c87   __TI_decompress_none
00000cf1   __TI_decompress_rle24
00000000   __TI_static_base__
00000c45   __TI_zero_init
000005cd   __aeabi_memcpy
000005cd   __aeabi_memcpy4
000005cd   __aeabi_memcpy8
ffffffff   __binit__
ffffffff   __c_args__
20000000   __stack
00000bbd   _args_main
00000965   _c_int00
20000130   _cleanup_ptr
20000134   _dtors_ptr
20000128   _lock
00000bf7   _nop
00000bef   _register_lock
00000be9   _register_unlock
2000012c   _unlock
00000ab9   abort
ffffffff   binit
000009ad   copy_in
00000ac1   exit
00000000   g_pfnVectors
00000529   main
20000138   main_func_sp
000005cd   memcpy
20000140   tickFlag


GLOBAL SYMBOLS: SORTED BY Symbol Address 

address    name
--------   ----
00000000   __TI_static_base__
00000000   g_pfnVectors
00000001   __TI_args_main
00000100   __STACK_SIZE
0000026d   SysCtlClockSet
000003a9   GPIOPadConfigSet
00000471   UARTInit
00000529   main
000005cd   __aeabi_memcpy
000005cd   __aeabi_memcpy4
000005cd   __aeabi_memcpy8
000005cd   memcpy
00000669   __TI_auto_init
000006fd   UARTTask
00000781   UARTIntHandler
00000801   IntEnable
000008c5   SysCtlPeripheralEnable
0000091d   GPIOPinConfigure
00000965   _c_int00
000009ad   copy_in
000009f1   UARTConfigSetExpClk
00000a35   DisplayTask
00000a75   UARTSend
00000ab5   C$$EXIT
00000ab9   abort
00000ac1   exit
00000af5   GPIODirModeSet
00000b25   TimerConfigure
00000b4d   DisplayInit
00000b69   Timer0IntHandler
00000b85   UARTDisable
00000ba1   UARTGetBuffer
00000bbd   _args_main
00000bd5   UARTEnable
00000be9   _register_unlock
00000bef   _register_lock
00000bf7   _nop
00000bfd   GPIOPinTypeGPIOOutput
00000c0f   GPIOPinTypeGPIOOutputOD
00000c21   GPIOPinTypeUART
00000c33   TimerLoadSet
00000c45   __TI_zero_init
00000c59   FPUEnable
00000c69   FPULazyStackingEnable
00000c79   TimerEnable
00000c87   __TI_decompress_none
00000c95   CPUcpsie
00000ca1   GPIOPinWrite
00000cab   IntMasterEnable
00000cb5   UARTFIFOEnable
00000cbf   UARTIntDisable
00000cc9   TimerIntEnable
00000cd1   UARTIntEnable
00000cd9   ResetISR
00000cdf   SysCtlDelay
00000ce5   UARTClockSourceSet
00000ceb   UARTFIFOLevelSet
00000cf1   __TI_decompress_rle24
00000cf7   TimerIntClear
00000e38   __TI_Handler_Table_Base
00000e44   __TI_Handler_Table_Limit
00000e50   __TI_CINIT_Base
00000e60   __TI_CINIT_Limit
20000000   __stack
20000100   __STACK_END
20000100   __STACK_TOP
20000128   _lock
2000012c   _unlock
20000130   _cleanup_ptr
20000134   _dtors_ptr
20000138   main_func_sp
20000140   tickFlag
ffffffff   __binit__
ffffffff   __c_args__
ffffffff   binit
UNDEFED    SHT$$INIT_ARRAY$$Base
UNDEFED    SHT$$INIT_ARRAY$$Limit

[77 symbols]
