******************************************************************************
                  TI ARM Linker PC v5.0.1                      
******************************************************************************
>> Linked Sun May 26 17:56:39 2013

OUTPUT FILE NAME:   <Braillearn_P20Dispatcher.out>
ENTRY POINT SYMBOL: "_c_int00"  address: 000009d1


MEMORY CONFIGURATION

         name            origin    length      used     unused   attr    fill
----------------------  --------  ---------  --------  --------  ----  --------
  FLASH                 00000000   00040000  00000eb4  0003f14c  R  X
  SRAM                  20000000   00008000  00000140  00007ec0  RW X


SEGMENT ALLOCATION MAP

run origin  load origin   length   init length attrs members
----------  ----------- ---------- ----------- ----- -------
00000000    00000000    00000eb8   00000eb8    r-x
  00000000    00000000    0000026c   0000026c    r-- .intvecs
  0000026c    0000026c    00000ae8   00000ae8    r-x .text
  00000d54    00000d54    00000128   00000128    r-- .const
  00000e80    00000e80    00000038   00000038    r-- .cinit
20000000    20000000    00000127   00000000    rw-
  20000000    20000000    00000100   00000000    rw- .stack
  20000100    20000100    00000027   00000000    rw- .bss
20000128    20000128    00000019   00000019    rw-
  20000128    20000128    00000019   00000019    rw- .data


SECTION ALLOCATION MAP

 output                                  attributes/
section   page    origin      length       input sections
--------  ----  ----------  ----------   ----------------
.intvecs   0    00000000    0000026c     
                  00000000    0000026c     startup_ccs.obj (.intvecs)

.init_array 
*          0    00000000    00000000     UNINITIALIZED

.text      0    0000026c    00000ae8     
                  0000026c    0000013c     driverlib-cm4f.lib : sysctl.obj (.text:SysCtlClockSet)
                  000003a8    000000c8                        : gpio.obj (.text:GPIOPadConfigSet)
                  00000470    000000b0     UART.obj (.text:UARTInit)
                  00000520    000000a8     main.obj (.text:main)
                  000005c8    0000009c     rtsv7M4_T_le_v4SPD16_eabi.lib : memcpy_t2.obj (.text)
                  00000664    00000094                                   : auto_init.obj (.text)
                  000006f8    00000084     UART.obj (.text:UARTTask)
                  0000077c    00000080     Display.obj (.text:DisplayInit)
                  000007fc    00000070     UART.obj (.text:UARTIntHandler)
                  0000086c    00000064     driverlib-cm4f.lib : interrupt.obj (.text:IntEnable)
                  000008d0    0000005e     rtsv7M4_T_le_v4SPD16_eabi.lib : copy_decompress_rle.obj (.text)
                  0000092e    00000002     startup_ccs.obj (.text:FaultISR)
                  00000930    00000058     driverlib-cm4f.lib : sysctl.obj (.text:SysCtlPeripheralEnable)
                  00000988    00000048                        : gpio.obj (.text:GPIOPinConfigure)
                  000009d0    00000048     rtsv7M4_T_le_v4SPD16_eabi.lib : boot.obj (.text)
                  00000a18    00000044                                   : cpy_tbl.obj (.text)
                  00000a5c    00000042     driverlib-cm4f.lib : uart.obj (.text:UARTConfigSetExpClk)
                  00000a9e    00000002     startup_ccs.obj (.text:IntDefaultHandler)
                  00000aa0    00000040     UART.obj (.text:UARTSend)
                  00000ae0    00000040     rtsv7M4_T_le_v4SPD16_eabi.lib : exit.obj (.text)
                  00000b20    0000003c     main.obj (.text:Timer0IntHandler)
                  00000b5c    0000002e     driverlib-cm4f.lib : gpio.obj (.text:GPIODirModeSet)
                  00000b8a    00000002     startup_ccs.obj (.text:NmiSR)
                  00000b8c    00000028     driverlib-cm4f.lib : timer.obj (.text:TimerConfigure)
                  00000bb4    00000020     Display.obj (.text:DisplayTask)
                  00000bd4    0000001c     driverlib-cm4f.lib : uart.obj (.text:UARTDisable)
                  00000bf0    0000001c     UART.obj (.text:UARTGetBuffer)
                  00000c0c    00000018     rtsv7M4_T_le_v4SPD16_eabi.lib : args_main.obj (.text)
                  00000c24    00000014     driverlib-cm4f.lib : uart.obj (.text:UARTEnable)
                  00000c38    00000014     rtsv7M4_T_le_v4SPD16_eabi.lib : _lock.obj (.text)
                  00000c4c    00000012     driverlib-cm4f.lib : gpio.obj (.text:GPIOPinTypeGPIOOutput)
                  00000c5e    00000012                        : gpio.obj (.text:GPIOPinTypeGPIOOutputOD)
                  00000c70    00000012                        : gpio.obj (.text:GPIOPinTypeUART)
                  00000c82    00000012                        : timer.obj (.text:TimerLoadSet)
                  00000c94    00000012     rtsv7M4_T_le_v4SPD16_eabi.lib : copy_zero_init.obj (.text:decompress:ZI)
                  00000ca6    00000002     --HOLE-- [fill = 0]
                  00000ca8    00000010     driverlib-cm4f.lib : fpu.obj (.text:FPUEnable)
                  00000cb8    00000010                        : fpu.obj (.text:FPULazyStackingEnable)
                  00000cc8    0000000e                        : timer.obj (.text:TimerEnable)
                  00000cd6    0000000e     rtsv7M4_T_le_v4SPD16_eabi.lib : copy_decompress_none.obj (.text:decompress:none)
                  00000ce4    0000000c     driverlib-cm4f.lib : cpu.obj (.text:CPUcpsie)
                  00000cf0    0000000a                        : gpio.obj (.text:GPIOPinRead)
                  00000cfa    0000000a                        : gpio.obj (.text:GPIOPinWrite)
                  00000d04    0000000a                        : interrupt.obj (.text:IntMasterEnable)
                  00000d0e    0000000a                        : uart.obj (.text:UARTFIFOEnable)
                  00000d18    0000000a                        : uart.obj (.text:UARTIntDisable)
                  00000d22    00000008                        : timer.obj (.text:TimerIntEnable)
                  00000d2a    00000008                        : uart.obj (.text:UARTIntEnable)
                  00000d32    00000006     startup_ccs.obj (.text:ResetISR)
                  00000d38    00000006     driverlib-cm4f.lib : sysctl.obj (.text:SysCtlDelay)
                  00000d3e    00000006                        : uart.obj (.text:UARTClockSourceSet)
                  00000d44    00000006                        : uart.obj (.text:UARTFIFOLevelSet)
                  00000d4a    00000006     rtsv7M4_T_le_v4SPD16_eabi.lib : copy_decompress_rle.obj (.text:decompress:rle24)
                  00000d50    00000004     driverlib-cm4f.lib : timer.obj (.text:TimerIntClear)

.const     0    00000d54    00000128     
                  00000d54    00000078     driverlib-cm4f.lib : gpio.obj (.const:g_pulGPIOBaseAddrs)
                  00000dcc    00000070                        : interrupt.obj (.const)
                  00000e3c    00000040                        : sysctl.obj (.const)

.cinit     0    00000e80    00000038     
                  00000e80    0000000f     (.cinit..data.load) [load image, compression = rle]
                  00000e8f    00000001     --HOLE-- [fill = 0]
                  00000e90    0000000c     (__TI_handler_table)
                  00000e9c    00000004     --HOLE-- [fill = 0]
                  00000ea0    00000008     (.cinit..bss.load) [load image, compression = zero_init]
                  00000ea8    00000010     (__TI_cinit_table)

.stack     0    20000000    00000100     UNINITIALIZED
                  20000000    00000100     --HOLE--

.bss       0    20000100    00000027     UNINITIALIZED
                  20000100    0000001f     UART.obj (.bss)
                  2000011f    00000008     Display.obj (.bss)

.data      0    20000128    00000019     
                  20000128    00000008     rtsv7M4_T_le_v4SPD16_eabi.lib : _lock.obj (.data)
                  20000130    00000008                                   : exit.obj (.data)
                  20000138    00000004                                   : stkdepth_vars.obj (.data)
                  2000013c    00000001     UART.obj (.data)
                  2000013d    00000003     --HOLE--
                  20000140    00000001     main.obj (.data)


LINKER GENERATED COPY TABLES

__TI_cinit_table @ 00000ea8 records: 2, size/record: 8, table size: 16
	.data: load addr=00000e80, load size=0000000f bytes, run addr=20000128, run size=00000019 bytes, compression=rle
	.bss: load addr=00000ea0, load size=00000008 bytes, run addr=20000100, run size=00000027 bytes, compression=zero_init


LINKER GENERATED HANDLER TABLE

__TI_handler_table @ 00000e90 records: 3, size/record: 4, table size: 12
	index: 0, handler: __TI_decompress_rle24
	index: 1, handler: __TI_decompress_none
	index: 2, handler: __TI_zero_init


GLOBAL SYMBOLS: SORTED ALPHABETICALLY BY Name 

address    name
--------   ----
00000ae1   C$$EXIT
00000ce5   CPUcpsie
0000077d   DisplayInit
00000bb5   DisplayTask
00000ca9   FPUEnable
00000cb9   FPULazyStackingEnable
00000b5d   GPIODirModeSet
000003a9   GPIOPadConfigSet
00000989   GPIOPinConfigure
00000cf1   GPIOPinRead
00000c4d   GPIOPinTypeGPIOOutput
00000c5f   GPIOPinTypeGPIOOutputOD
00000c71   GPIOPinTypeUART
00000cfb   GPIOPinWrite
0000086d   IntEnable
00000d05   IntMasterEnable
00000d33   ResetISR
UNDEFED    SHT$$INIT_ARRAY$$Base
UNDEFED    SHT$$INIT_ARRAY$$Limit
0000026d   SysCtlClockSet
00000d39   SysCtlDelay
00000931   SysCtlPeripheralEnable
00000b21   Timer0IntHandler
00000b8d   TimerConfigure
00000cc9   TimerEnable
00000d51   TimerIntClear
00000d23   TimerIntEnable
00000c83   TimerLoadSet
00000d3f   UARTClockSourceSet
00000a5d   UARTConfigSetExpClk
00000bd5   UARTDisable
00000c25   UARTEnable
00000d0f   UARTFIFOEnable
00000d45   UARTFIFOLevelSet
00000bf1   UARTGetBuffer
00000471   UARTInit
00000d19   UARTIntDisable
00000d2b   UARTIntEnable
000007fd   UARTIntHandler
00000aa1   UARTSend
000006f9   UARTTask
20000100   __STACK_END
00000100   __STACK_SIZE
20000100   __STACK_TOP
00000ea8   __TI_CINIT_Base
00000eb8   __TI_CINIT_Limit
00000e90   __TI_Handler_Table_Base
00000e9c   __TI_Handler_Table_Limit
00000001   __TI_args_main
00000665   __TI_auto_init
00000cd7   __TI_decompress_none
00000d4b   __TI_decompress_rle24
00000000   __TI_static_base__
00000c95   __TI_zero_init
000005c9   __aeabi_memcpy
000005c9   __aeabi_memcpy4
000005c9   __aeabi_memcpy8
ffffffff   __binit__
ffffffff   __c_args__
20000000   __stack
00000c0d   _args_main
000009d1   _c_int00
20000130   _cleanup_ptr
20000134   _dtors_ptr
20000128   _lock
00000c47   _nop
00000c3f   _register_lock
00000c39   _register_unlock
2000012c   _unlock
00000ae5   abort
ffffffff   binit
00000a19   copy_in
00000aed   exit
00000000   g_pfnVectors
00000521   main
20000138   main_func_sp
000005c9   memcpy
20000140   tickFlag


GLOBAL SYMBOLS: SORTED BY Symbol Address 

address    name
--------   ----
00000000   __TI_static_base__
00000000   g_pfnVectors
00000001   __TI_args_main
00000100   __STACK_SIZE
0000026d   SysCtlClockSet
000003a9   GPIOPadConfigSet
00000471   UARTInit
00000521   main
000005c9   __aeabi_memcpy
000005c9   __aeabi_memcpy4
000005c9   __aeabi_memcpy8
000005c9   memcpy
00000665   __TI_auto_init
000006f9   UARTTask
0000077d   DisplayInit
000007fd   UARTIntHandler
0000086d   IntEnable
00000931   SysCtlPeripheralEnable
00000989   GPIOPinConfigure
000009d1   _c_int00
00000a19   copy_in
00000a5d   UARTConfigSetExpClk
00000aa1   UARTSend
00000ae1   C$$EXIT
00000ae5   abort
00000aed   exit
00000b21   Timer0IntHandler
00000b5d   GPIODirModeSet
00000b8d   TimerConfigure
00000bb5   DisplayTask
00000bd5   UARTDisable
00000bf1   UARTGetBuffer
00000c0d   _args_main
00000c25   UARTEnable
00000c39   _register_unlock
00000c3f   _register_lock
00000c47   _nop
00000c4d   GPIOPinTypeGPIOOutput
00000c5f   GPIOPinTypeGPIOOutputOD
00000c71   GPIOPinTypeUART
00000c83   TimerLoadSet
00000c95   __TI_zero_init
00000ca9   FPUEnable
00000cb9   FPULazyStackingEnable
00000cc9   TimerEnable
00000cd7   __TI_decompress_none
00000ce5   CPUcpsie
00000cf1   GPIOPinRead
00000cfb   GPIOPinWrite
00000d05   IntMasterEnable
00000d0f   UARTFIFOEnable
00000d19   UARTIntDisable
00000d23   TimerIntEnable
00000d2b   UARTIntEnable
00000d33   ResetISR
00000d39   SysCtlDelay
00000d3f   UARTClockSourceSet
00000d45   UARTFIFOLevelSet
00000d4b   __TI_decompress_rle24
00000d51   TimerIntClear
00000e90   __TI_Handler_Table_Base
00000e9c   __TI_Handler_Table_Limit
00000ea8   __TI_CINIT_Base
00000eb8   __TI_CINIT_Limit
20000000   __stack
20000100   __STACK_END
20000100   __STACK_TOP
20000128   _lock
2000012c   _unlock
20000130   _cleanup_ptr
20000134   _dtors_ptr
20000138   main_func_sp
20000140   tickFlag
ffffffff   __binit__
ffffffff   __c_args__
ffffffff   binit
UNDEFED    SHT$$INIT_ARRAY$$Base
UNDEFED    SHT$$INIT_ARRAY$$Limit

[78 symbols]
