******************************************************************************
                  TI ARM Linker PC v5.0.1                      
******************************************************************************
>> Linked Tue Jun 04 21:41:33 2013

OUTPUT FILE NAME:   <Braillearn_P20Dispatcher.out>
ENTRY POINT SYMBOL: "_c_int00"  address: 00000a89


MEMORY CONFIGURATION

         name            origin    length      used     unused   attr    fill
----------------------  --------  ---------  --------  --------  ----  --------
  FLASH                 00000000   00040000  00000ef2  0003f10e  R  X
  SRAM                  20000000   00008000  00000140  00007ec0  RW X


SEGMENT ALLOCATION MAP

run origin  load origin   length   init length attrs members
----------  ----------- ---------- ----------- ----- -------
00000000    00000000    00000ef8   00000ef8    r-x
  00000000    00000000    0000026c   0000026c    r-- .intvecs
  0000026c    0000026c    00000b26   00000b26    r-x .text
  00000d94    00000d94    00000128   00000128    r-- .const
  00000ec0    00000ec0    00000038   00000038    r-- .cinit
20000000    20000000    00000127   00000000    rw-
  20000000    20000000    00000100   00000000    rw- .stack
  20000100    20000100    00000027   00000000    rw- .bss
20000128    20000128    00000019   00000019    rw-
  20000128    20000128    00000019   00000019    rw- .data


SECTION ALLOCATION MAP

 output                                  attributes/
section   page    origin      length       input sections
--------  ----  ----------  ----------   ----------------
.intvecs   0    00000000    0000026c     
                  00000000    0000026c     startup_ccs.obj (.intvecs)

.init_array 
*          0    00000000    00000000     UNINITIALIZED

.text      0    0000026c    00000b26     
                  0000026c    0000013c     driverlib-cm4f.lib : sysctl.obj (.text:SysCtlClockSet)
                  000003a8    00000114     UART.obj (.text:UARTInit)
                  000004bc    000000c8     driverlib-cm4f.lib : gpio.obj (.text:GPIOPadConfigSet)
                  00000584    0000009c     rtsv7M4_T_le_v4SPD16_eabi.lib : memcpy_t2.obj (.text)
                  00000620    00000094                                   : auto_init.obj (.text)
                  000006b4    0000008c     Display.obj (.text:DisplayTask)
                  00000740    00000080     Display.obj (.text:DisplayInit)
                  000007c0    00000080     UART.obj (.text:UARTIntHandler)
                  00000840    00000078     main.obj (.text:main)
                  000008b8    0000006c     UART.obj (.text:UARTTask)
                  00000924    00000064     driverlib-cm4f.lib : interrupt.obj (.text:IntEnable)
                  00000988    0000005e     rtsv7M4_T_le_v4SPD16_eabi.lib : copy_decompress_rle.obj (.text)
                  000009e6    00000002     startup_ccs.obj (.text:FaultISR)
                  000009e8    00000058     driverlib-cm4f.lib : sysctl.obj (.text:SysCtlPeripheralEnable)
                  00000a40    00000048                        : gpio.obj (.text:GPIOPinConfigure)
                  00000a88    00000048     rtsv7M4_T_le_v4SPD16_eabi.lib : boot.obj (.text)
                  00000ad0    00000044                                   : cpy_tbl.obj (.text)
                  00000b14    00000042     driverlib-cm4f.lib : uart.obj (.text:UARTConfigSetExpClk)
                  00000b56    00000002     startup_ccs.obj (.text:IntDefaultHandler)
                  00000b58    00000040     rtsv7M4_T_le_v4SPD16_eabi.lib : exit.obj (.text)
                  00000b98    0000002e     driverlib-cm4f.lib : gpio.obj (.text:GPIODirModeSet)
                  00000bc6    00000002     startup_ccs.obj (.text:NmiSR)
                  00000bc8    00000028     driverlib-cm4f.lib : timer.obj (.text:TimerConfigure)
                  00000bf0    00000024     UART.obj (.text:UARTSend)
                  00000c14    0000001c     main.obj (.text:Timer0IntHandler)
                  00000c30    0000001c     driverlib-cm4f.lib : uart.obj (.text:UARTDisable)
                  00000c4c    0000001c     UART.obj (.text:UARTGetBuffer)
                  00000c68    00000018     rtsv7M4_T_le_v4SPD16_eabi.lib : args_main.obj (.text)
                  00000c80    00000014     driverlib-cm4f.lib : uart.obj (.text:UARTEnable)
                  00000c94    00000014     rtsv7M4_T_le_v4SPD16_eabi.lib : _lock.obj (.text)
                  00000ca8    00000012     driverlib-cm4f.lib : gpio.obj (.text:GPIOPinTypeGPIOOutputOD)
                  00000cba    00000012                        : gpio.obj (.text:GPIOPinTypeUART)
                  00000ccc    00000012                        : timer.obj (.text:TimerLoadSet)
                  00000cde    00000012     rtsv7M4_T_le_v4SPD16_eabi.lib : copy_zero_init.obj (.text:decompress:ZI)
                  00000cf0    00000010     driverlib-cm4f.lib : fpu.obj (.text:FPUEnable)
                  00000d00    00000010                        : fpu.obj (.text:FPULazyStackingEnable)
                  00000d10    0000000e                        : timer.obj (.text:TimerEnable)
                  00000d1e    0000000e     rtsv7M4_T_le_v4SPD16_eabi.lib : copy_decompress_none.obj (.text:decompress:none)
                  00000d2c    0000000c     driverlib-cm4f.lib : cpu.obj (.text:CPUcpsie)
                  00000d38    0000000a                        : gpio.obj (.text:GPIOPinWrite)
                  00000d42    0000000a                        : interrupt.obj (.text:IntMasterEnable)
                  00000d4c    0000000a                        : uart.obj (.text:UARTFIFOEnable)
                  00000d56    0000000a                        : uart.obj (.text:UARTIntDisable)
                  00000d60    00000008                        : timer.obj (.text:TimerIntEnable)
                  00000d68    00000008                        : uart.obj (.text:UARTIntEnable)
                  00000d70    00000006     startup_ccs.obj (.text:ResetISR)
                  00000d76    00000006     driverlib-cm4f.lib : sysctl.obj (.text:SysCtlDelay)
                  00000d7c    00000006                        : uart.obj (.text:UARTClockSourceSet)
                  00000d82    00000006                        : uart.obj (.text:UARTFIFOLevelSet)
                  00000d88    00000006     rtsv7M4_T_le_v4SPD16_eabi.lib : copy_decompress_rle.obj (.text:decompress:rle24)
                  00000d8e    00000004     driverlib-cm4f.lib : timer.obj (.text:TimerIntClear)

.const     0    00000d94    00000128     
                  00000d94    00000078     driverlib-cm4f.lib : gpio.obj (.const:g_pulGPIOBaseAddrs)
                  00000e0c    00000070                        : interrupt.obj (.const)
                  00000e7c    00000040                        : sysctl.obj (.const)

.cinit     0    00000ec0    00000038     
                  00000ec0    0000000f     (.cinit..data.load) [load image, compression = rle]
                  00000ecf    00000001     --HOLE-- [fill = 0]
                  00000ed0    0000000c     (__TI_handler_table)
                  00000edc    00000004     --HOLE-- [fill = 0]
                  00000ee0    00000008     (.cinit..bss.load) [load image, compression = zero_init]
                  00000ee8    00000010     (__TI_cinit_table)

.stack     0    20000000    00000100     UNINITIALIZED
                  20000000    00000100     --HOLE--

.bss       0    20000100    00000027     UNINITIALIZED
                  20000100    0000001f     UART.obj (.bss)
                  2000011f    00000008     Display.obj (.bss)

.data      0    20000128    00000019     
                  20000128    00000008     rtsv7M4_T_le_v4SPD16_eabi.lib : _lock.obj (.data)
                  20000130    00000008                                   : exit.obj (.data)
                  20000138    00000004                                   : stkdepth_vars.obj (.data)
                  2000013c    00000001     UART.obj (.data)
                  2000013d    00000003     --HOLE--
                  20000140    00000001     main.obj (.data)


LINKER GENERATED COPY TABLES

__TI_cinit_table @ 00000ee8 records: 2, size/record: 8, table size: 16
	.data: load addr=00000ec0, load size=0000000f bytes, run addr=20000128, run size=00000019 bytes, compression=rle
	.bss: load addr=00000ee0, load size=00000008 bytes, run addr=20000100, run size=00000027 bytes, compression=zero_init


LINKER GENERATED HANDLER TABLE

__TI_handler_table @ 00000ed0 records: 3, size/record: 4, table size: 12
	index: 0, handler: __TI_decompress_rle24
	index: 1, handler: __TI_decompress_none
	index: 2, handler: __TI_zero_init


GLOBAL SYMBOLS: SORTED ALPHABETICALLY BY Name 

address    name
--------   ----
00000b59   C$$EXIT
00000d2d   CPUcpsie
00000741   DisplayInit
000006b5   DisplayTask
00000cf1   FPUEnable
00000d01   FPULazyStackingEnable
00000b99   GPIODirModeSet
000004bd   GPIOPadConfigSet
00000a41   GPIOPinConfigure
00000ca9   GPIOPinTypeGPIOOutputOD
00000cbb   GPIOPinTypeUART
00000d39   GPIOPinWrite
00000925   IntEnable
00000d43   IntMasterEnable
00000d71   ResetISR
UNDEFED    SHT$$INIT_ARRAY$$Base
UNDEFED    SHT$$INIT_ARRAY$$Limit
0000026d   SysCtlClockSet
00000d77   SysCtlDelay
000009e9   SysCtlPeripheralEnable
00000c15   Timer0IntHandler
00000bc9   TimerConfigure
00000d11   TimerEnable
00000d8f   TimerIntClear
00000d61   TimerIntEnable
00000ccd   TimerLoadSet
00000d7d   UARTClockSourceSet
00000b15   UARTConfigSetExpClk
00000c31   UARTDisable
00000c81   UARTEnable
00000d4d   UARTFIFOEnable
00000d83   UARTFIFOLevelSet
00000c4d   UARTGetBuffer
000003a9   UARTInit
00000d57   UARTIntDisable
00000d69   UARTIntEnable
000007c1   UARTIntHandler
00000bf1   UARTSend
000008b9   UARTTask
20000100   __STACK_END
00000100   __STACK_SIZE
20000100   __STACK_TOP
00000ee8   __TI_CINIT_Base
00000ef8   __TI_CINIT_Limit
00000ed0   __TI_Handler_Table_Base
00000edc   __TI_Handler_Table_Limit
00000001   __TI_args_main
00000621   __TI_auto_init
00000d1f   __TI_decompress_none
00000d89   __TI_decompress_rle24
00000000   __TI_static_base__
00000cdf   __TI_zero_init
00000585   __aeabi_memcpy
00000585   __aeabi_memcpy4
00000585   __aeabi_memcpy8
ffffffff   __binit__
ffffffff   __c_args__
20000000   __stack
00000c69   _args_main
00000a89   _c_int00
20000130   _cleanup_ptr
20000134   _dtors_ptr
20000128   _lock
00000ca3   _nop
00000c9b   _register_lock
00000c95   _register_unlock
2000012c   _unlock
00000b5d   abort
ffffffff   binit
00000ad1   copy_in
00000b65   exit
00000000   g_pfnVectors
00000841   main
20000138   main_func_sp
00000585   memcpy
20000140   tickFlag


GLOBAL SYMBOLS: SORTED BY Symbol Address 

address    name
--------   ----
00000000   __TI_static_base__
00000000   g_pfnVectors
00000001   __TI_args_main
00000100   __STACK_SIZE
0000026d   SysCtlClockSet
000003a9   UARTInit
000004bd   GPIOPadConfigSet
00000585   __aeabi_memcpy
00000585   __aeabi_memcpy4
00000585   __aeabi_memcpy8
00000585   memcpy
00000621   __TI_auto_init
000006b5   DisplayTask
00000741   DisplayInit
000007c1   UARTIntHandler
00000841   main
000008b9   UARTTask
00000925   IntEnable
000009e9   SysCtlPeripheralEnable
00000a41   GPIOPinConfigure
00000a89   _c_int00
00000ad1   copy_in
00000b15   UARTConfigSetExpClk
00000b59   C$$EXIT
00000b5d   abort
00000b65   exit
00000b99   GPIODirModeSet
00000bc9   TimerConfigure
00000bf1   UARTSend
00000c15   Timer0IntHandler
00000c31   UARTDisable
00000c4d   UARTGetBuffer
00000c69   _args_main
00000c81   UARTEnable
00000c95   _register_unlock
00000c9b   _register_lock
00000ca3   _nop
00000ca9   GPIOPinTypeGPIOOutputOD
00000cbb   GPIOPinTypeUART
00000ccd   TimerLoadSet
00000cdf   __TI_zero_init
00000cf1   FPUEnable
00000d01   FPULazyStackingEnable
00000d11   TimerEnable
00000d1f   __TI_decompress_none
00000d2d   CPUcpsie
00000d39   GPIOPinWrite
00000d43   IntMasterEnable
00000d4d   UARTFIFOEnable
00000d57   UARTIntDisable
00000d61   TimerIntEnable
00000d69   UARTIntEnable
00000d71   ResetISR
00000d77   SysCtlDelay
00000d7d   UARTClockSourceSet
00000d83   UARTFIFOLevelSet
00000d89   __TI_decompress_rle24
00000d8f   TimerIntClear
00000ed0   __TI_Handler_Table_Base
00000edc   __TI_Handler_Table_Limit
00000ee8   __TI_CINIT_Base
00000ef8   __TI_CINIT_Limit
20000000   __stack
20000100   __STACK_END
20000100   __STACK_TOP
20000128   _lock
2000012c   _unlock
20000130   _cleanup_ptr
20000134   _dtors_ptr
20000138   main_func_sp
20000140   tickFlag
ffffffff   __binit__
ffffffff   __c_args__
ffffffff   binit
UNDEFED    SHT$$INIT_ARRAY$$Base
UNDEFED    SHT$$INIT_ARRAY$$Limit

[76 symbols]
