******************************************************************************
                  TI ARM Linker PC v5.0.1                      
******************************************************************************
>> Linked Wed May 22 18:47:47 2013

OUTPUT FILE NAME:   <Braillearn.out>
ENTRY POINT SYMBOL: "_c_int00"  address: 00000b19


MEMORY CONFIGURATION

         name            origin    length      used     unused   attr    fill
----------------------  --------  ---------  --------  --------  ----  --------
  FLASH                 00000000   00040000  000012c8  0003ed38  R  X
  SRAM                  20000000   00008000  00000223  00007ddd  RW X


SEGMENT ALLOCATION MAP

run origin  load origin   length   init length attrs members
----------  ----------- ---------- ----------- ----- -------
00000000    00000000    000012c8   000012c8    r-x
  00000000    00000000    0000026c   0000026c    r-- .intvecs
  0000026c    0000026c    00000ce4   00000ce4    r-x .text
  00000f50    00000f50    00000290   00000290    r-- .const
  000011e0    000011e0    000000e8   000000e8    r-- .cinit
20000000    20000000    00000224   00000121    rw-
  20000000    20000000    00000121   00000121    rw- .data
  20000122    20000122    00000002   00000000    rw- .bss
  20000124    20000124    00000100   00000000    rw- .stack


SECTION ALLOCATION MAP

 output                                  attributes/
section   page    origin      length       input sections
--------  ----  ----------  ----------   ----------------
.intvecs   0    00000000    0000026c     
                  00000000    0000026c     startup_ccs.obj (.intvecs)

.init_array 
*          0    00000000    00000000     UNINITIALIZED

.text      0    0000026c    00000ce4     
                  0000026c    00000274     Control.obj (.text:CntlTask)
                  000004e0    0000013c     driverlib-cm4f.lib : sysctl.obj (.text:SysCtlClockSet)
                  0000061c    000000c8                        : gpio.obj (.text:GPIOPadConfigSet)
                  000006e4    000000c0     main.obj (.text:main)
                  000007a4    0000009c     rtsv7M4_T_le_v4SPD16_eabi.lib : memcpy_t2.obj (.text)
                  00000840    00000094                                   : auto_init.obj (.text)
                  000008d4    00000078     UART.obj (.text:UARTInit)
                  0000094c    00000068     Key.obj (.text:KeyTask)
                  000009b4    00000064     driverlib-cm4f.lib : interrupt.obj (.text:IntEnable)
                  00000a18    0000005e     rtsv7M4_T_le_v4SPD16_eabi.lib : copy_decompress_rle.obj (.text)
                  00000a76    00000002     Control.obj (.text:CntlInit)
                  00000a78    00000058     driverlib-cm4f.lib : sysctl.obj (.text:SysCtlPeripheralEnable)
                  00000ad0    00000048                        : gpio.obj (.text:GPIOPinConfigure)
                  00000b18    00000048     rtsv7M4_T_le_v4SPD16_eabi.lib : boot.obj (.text)
                  00000b60    00000044     UART.obj (.text:UARTIntHandler)
                  00000ba4    00000044     rtsv7M4_T_le_v4SPD16_eabi.lib : cpy_tbl.obj (.text)
                  00000be8    00000042     driverlib-cm4f.lib : uart.obj (.text:UARTConfigSetExpClk)
                  00000c2a    00000002     startup_ccs.obj (.text:FaultISR)
                  00000c2c    00000040     UART.obj (.text:UARTSend)
                  00000c6c    00000040     rtsv7M4_T_le_v4SPD16_eabi.lib : exit.obj (.text)
                  00000cac    0000003c     Key.obj (.text:KeyInit)
                  00000ce8    0000003c     main.obj (.text:Timer0IntHandler)
                  00000d24    00000034     Key.obj (.text:GetKey)
                  00000d58    0000002e     driverlib-cm4f.lib : gpio.obj (.text:GPIODirModeSet)
                  00000d86    00000002     startup_ccs.obj (.text:IntDefaultHandler)
                  00000d88    00000028     driverlib-cm4f.lib : timer.obj (.text:TimerConfigure)
                  00000db0    00000026     Key.obj (.text:IsCntlKey)
                  00000dd6    00000002     startup_ccs.obj (.text:NmiSR)
                  00000dd8    00000024     Key.obj (.text:KeyScan)
                  00000dfc    0000001c     driverlib-cm4f.lib : uart.obj (.text:UARTDisable)
                  00000e18    00000018     rtsv7M4_T_le_v4SPD16_eabi.lib : args_main.obj (.text)
                  00000e30    00000014     driverlib-cm4f.lib : uart.obj (.text:UARTEnable)
                  00000e44    00000014     rtsv7M4_T_le_v4SPD16_eabi.lib : _lock.obj (.text)
                  00000e58    00000012     driverlib-cm4f.lib : gpio.obj (.text:GPIOPinTypeGPIOInput)
                  00000e6a    00000012                        : gpio.obj (.text:GPIOPinTypeGPIOOutput)
                  00000e7c    00000012                        : gpio.obj (.text:GPIOPinTypeUART)
                  00000e8e    00000012                        : timer.obj (.text:TimerLoadSet)
                  00000ea0    00000012     rtsv7M4_T_le_v4SPD16_eabi.lib : copy_zero_init.obj (.text:decompress:ZI)
                  00000eb2    00000002     --HOLE-- [fill = 0]
                  00000eb4    00000010     driverlib-cm4f.lib : fpu.obj (.text:FPUEnable)
                  00000ec4    00000010                        : fpu.obj (.text:FPULazyStackingEnable)
                  00000ed4    0000000e                        : timer.obj (.text:TimerEnable)
                  00000ee2    0000000e     rtsv7M4_T_le_v4SPD16_eabi.lib : copy_decompress_none.obj (.text:decompress:none)
                  00000ef0    0000000c     driverlib-cm4f.lib : cpu.obj (.text:CPUcpsie)
                  00000efc    0000000a                        : gpio.obj (.text:GPIOPinRead)
                  00000f06    0000000a                        : gpio.obj (.text:GPIOPinWrite)
                  00000f10    0000000a                        : interrupt.obj (.text:IntMasterEnable)
                  00000f1a    0000000a                        : uart.obj (.text:UARTFIFOEnable)
                  00000f24    00000008                        : timer.obj (.text:TimerIntEnable)
                  00000f2c    00000008                        : uart.obj (.text:UARTIntEnable)
                  00000f34    00000006     startup_ccs.obj (.text:ResetISR)
                  00000f3a    00000006     driverlib-cm4f.lib : sysctl.obj (.text:SysCtlDelay)
                  00000f40    00000006                        : uart.obj (.text:UARTFIFOLevelSet)
                  00000f46    00000006     rtsv7M4_T_le_v4SPD16_eabi.lib : copy_decompress_rle.obj (.text:decompress:rle24)
                  00000f4c    00000004     driverlib-cm4f.lib : timer.obj (.text:TimerIntClear)

.const     0    00000f50    00000290     
                  00000f50    00000168     Control.obj (.const:menuStr)
                  000010b8    00000078     driverlib-cm4f.lib : gpio.obj (.const:g_pulGPIOBaseAddrs)
                  00001130    00000070                        : interrupt.obj (.const)
                  000011a0    00000040                        : sysctl.obj (.const)

.cinit     0    000011e0    000000e8     
                  000011e0    000000c3     (.cinit..data.load) [load image, compression = rle]
                  000012a3    00000001     --HOLE-- [fill = 0]
                  000012a4    0000000c     (__TI_handler_table)
                  000012b0    00000008     (.cinit..bss.load) [load image, compression = zero_init]
                  000012b8    00000010     (__TI_cinit_table)

.data      0    20000000    00000121     
                  20000000    00000100     Key.obj (.data:UBrailleLookup)
                  20000100    00000008     Control.obj (.data)
                  20000108    00000008     rtsv7M4_T_le_v4SPD16_eabi.lib : _lock.obj (.data)
                  20000110    00000008                                   : exit.obj (.data)
                  20000118    00000004                                   : stkdepth_vars.obj (.data)
                  2000011c    00000003     Key.obj (.data)
                  2000011f    00000001     --HOLE--
                  20000120    00000001     main.obj (.data)

.bss       0    20000122    00000002     UNINITIALIZED
                  20000122    00000002     Key.obj (.bss)

.stack     0    20000124    00000100     UNINITIALIZED
                  20000124    00000100     --HOLE--


LINKER GENERATED COPY TABLES

__TI_cinit_table @ 000012b8 records: 2, size/record: 8, table size: 16
	.data: load addr=000011e0, load size=000000c3 bytes, run addr=20000000, run size=00000121 bytes, compression=rle
	.bss: load addr=000012b0, load size=00000008 bytes, run addr=20000122, run size=00000002 bytes, compression=zero_init


LINKER GENERATED HANDLER TABLE

__TI_handler_table @ 000012a4 records: 3, size/record: 4, table size: 12
	index: 0, handler: __TI_decompress_rle24
	index: 1, handler: __TI_decompress_none
	index: 2, handler: __TI_zero_init


GLOBAL SYMBOLS: SORTED ALPHABETICALLY BY Name 

address    name
--------   ----
00000c6d   C$$EXIT
00000ef1   CPUcpsie
00000a77   CntlInit
0000026d   CntlTask
00000eb5   FPUEnable
00000ec5   FPULazyStackingEnable
00000d59   GPIODirModeSet
0000061d   GPIOPadConfigSet
00000ad1   GPIOPinConfigure
00000efd   GPIOPinRead
00000e59   GPIOPinTypeGPIOInput
00000e6b   GPIOPinTypeGPIOOutput
00000e7d   GPIOPinTypeUART
00000f07   GPIOPinWrite
00000d25   GetKey
000009b5   IntEnable
00000f11   IntMasterEnable
00000db1   IsCntlKey
00000cad   KeyInit
0000094d   KeyTask
00000f35   ResetISR
UNDEFED    SHT$$INIT_ARRAY$$Base
UNDEFED    SHT$$INIT_ARRAY$$Limit
000004e1   SysCtlClockSet
00000f3b   SysCtlDelay
00000a79   SysCtlPeripheralEnable
00000ce9   Timer0IntHandler
00000d89   TimerConfigure
00000ed5   TimerEnable
00000f4d   TimerIntClear
00000f25   TimerIntEnable
00000e8f   TimerLoadSet
00000be9   UARTConfigSetExpClk
00000dfd   UARTDisable
00000e31   UARTEnable
00000f1b   UARTFIFOEnable
00000f41   UARTFIFOLevelSet
000008d5   UARTInit
00000f2d   UARTIntEnable
00000b61   UARTIntHandler
00000c2d   UARTSend
20000224   __STACK_END
00000100   __STACK_SIZE
20000224   __STACK_TOP
000012b8   __TI_CINIT_Base
000012c8   __TI_CINIT_Limit
000012a4   __TI_Handler_Table_Base
000012b0   __TI_Handler_Table_Limit
00000001   __TI_args_main
00000841   __TI_auto_init
00000ee3   __TI_decompress_none
00000f47   __TI_decompress_rle24
00000000   __TI_static_base__
00000ea1   __TI_zero_init
000007a5   __aeabi_memcpy
000007a5   __aeabi_memcpy4
000007a5   __aeabi_memcpy8
ffffffff   __binit__
ffffffff   __c_args__
20000124   __stack
00000e19   _args_main
00000b19   _c_int00
20000110   _cleanup_ptr
20000114   _dtors_ptr
20000108   _lock
00000e53   _nop
00000e4b   _register_lock
00000e45   _register_unlock
2000010c   _unlock
00000c71   abort
ffffffff   binit
00000ba5   copy_in
00000c79   exit
00000000   g_pfnVectors
000006e5   main
20000118   main_func_sp
000007a5   memcpy
00000f50   menuStr
20000120   tickFlag


GLOBAL SYMBOLS: SORTED BY Symbol Address 

address    name
--------   ----
00000000   __TI_static_base__
00000000   g_pfnVectors
00000001   __TI_args_main
00000100   __STACK_SIZE
0000026d   CntlTask
000004e1   SysCtlClockSet
0000061d   GPIOPadConfigSet
000006e5   main
000007a5   __aeabi_memcpy
000007a5   __aeabi_memcpy4
000007a5   __aeabi_memcpy8
000007a5   memcpy
00000841   __TI_auto_init
000008d5   UARTInit
0000094d   KeyTask
000009b5   IntEnable
00000a77   CntlInit
00000a79   SysCtlPeripheralEnable
00000ad1   GPIOPinConfigure
00000b19   _c_int00
00000b61   UARTIntHandler
00000ba5   copy_in
00000be9   UARTConfigSetExpClk
00000c2d   UARTSend
00000c6d   C$$EXIT
00000c71   abort
00000c79   exit
00000cad   KeyInit
00000ce9   Timer0IntHandler
00000d25   GetKey
00000d59   GPIODirModeSet
00000d89   TimerConfigure
00000db1   IsCntlKey
00000dfd   UARTDisable
00000e19   _args_main
00000e31   UARTEnable
00000e45   _register_unlock
00000e4b   _register_lock
00000e53   _nop
00000e59   GPIOPinTypeGPIOInput
00000e6b   GPIOPinTypeGPIOOutput
00000e7d   GPIOPinTypeUART
00000e8f   TimerLoadSet
00000ea1   __TI_zero_init
00000eb5   FPUEnable
00000ec5   FPULazyStackingEnable
00000ed5   TimerEnable
00000ee3   __TI_decompress_none
00000ef1   CPUcpsie
00000efd   GPIOPinRead
00000f07   GPIOPinWrite
00000f11   IntMasterEnable
00000f1b   UARTFIFOEnable
00000f25   TimerIntEnable
00000f2d   UARTIntEnable
00000f35   ResetISR
00000f3b   SysCtlDelay
00000f41   UARTFIFOLevelSet
00000f47   __TI_decompress_rle24
00000f4d   TimerIntClear
00000f50   menuStr
000012a4   __TI_Handler_Table_Base
000012b0   __TI_Handler_Table_Limit
000012b8   __TI_CINIT_Base
000012c8   __TI_CINIT_Limit
20000108   _lock
2000010c   _unlock
20000110   _cleanup_ptr
20000114   _dtors_ptr
20000118   main_func_sp
20000120   tickFlag
20000124   __stack
20000224   __STACK_END
20000224   __STACK_TOP
ffffffff   __binit__
ffffffff   __c_args__
ffffffff   binit
UNDEFED    SHT$$INIT_ARRAY$$Base
UNDEFED    SHT$$INIT_ARRAY$$Limit

[79 symbols]
