******************************************************************************
                  TI ARM Linker PC v5.0.1                      
******************************************************************************
>> Linked Wed May 22 20:02:22 2013

OUTPUT FILE NAME:   <Braillearn.out>
ENTRY POINT SYMBOL: "_c_int00"  address: 000009c5


MEMORY CONFIGURATION

         name            origin    length      used     unused   attr    fill
----------------------  --------  ---------  --------  --------  ----  --------
  FLASH                 00000000   00040000  00001184  0003ee7c  R  X
  SRAM                  20000000   00008000  00000223  00007ddd  RW X


SEGMENT ALLOCATION MAP

run origin  load origin   length   init length attrs members
----------  ----------- ---------- ----------- ----- -------
00000000    00000000    00001188   00001188    r-x
  00000000    00000000    0000026c   0000026c    r-- .intvecs
  0000026c    0000026c    00000ba0   00000ba0    r-x .text
  00000e0c    00000e0c    00000290   00000290    r-- .const
  000010a0    000010a0    000000e8   000000e8    r-- .cinit
20000000    20000000    00000224   00000121    rw-
  20000000    20000000    00000121   00000121    rw- .data
  20000122    20000122    00000002   00000000    rw- .bss
  20000124    20000124    00000100   00000000    rw- .stack


SECTION ALLOCATION MAP

 output                                  attributes/
section   page    origin      length       input sections
--------  ----  ----------  ----------   ----------------
.intvecs   0    00000000    0000026c     
                  00000000    0000026c     startup_ccs.obj (.intvecs)

.init_array 
*          0    00000000    00000000     UNINITIALIZED

.text      0    0000026c    00000ba0     
                  0000026c    0000013c     driverlib-cm4f.lib : sysctl.obj (.text:SysCtlClockSet)
                  000003a8    0000011c     Control.obj (.text:CntlTask)
                  000004c4    000000c8     driverlib-cm4f.lib : gpio.obj (.text:GPIOPadConfigSet)
                  0000058c    000000c4     main.obj (.text:main)
                  00000650    0000009c     rtsv7M4_T_le_v4SPD16_eabi.lib : memcpy_t2.obj (.text)
                  000006ec    00000094                                   : auto_init.obj (.text)
                  00000780    00000078     UART.obj (.text:UARTInit)
                  000007f8    00000068     Key.obj (.text:KeyTask)
                  00000860    00000064     driverlib-cm4f.lib : interrupt.obj (.text:IntEnable)
                  000008c4    0000005e     rtsv7M4_T_le_v4SPD16_eabi.lib : copy_decompress_rle.obj (.text)
                  00000922    00000002     Control.obj (.text:CntlInit)
                  00000924    00000058     driverlib-cm4f.lib : sysctl.obj (.text:SysCtlPeripheralEnable)
                  0000097c    00000048                        : gpio.obj (.text:GPIOPinConfigure)
                  000009c4    00000048     rtsv7M4_T_le_v4SPD16_eabi.lib : boot.obj (.text)
                  00000a0c    00000044     UART.obj (.text:UARTIntHandler)
                  00000a50    00000044     rtsv7M4_T_le_v4SPD16_eabi.lib : cpy_tbl.obj (.text)
                  00000a94    00000042     driverlib-cm4f.lib : uart.obj (.text:UARTConfigSetExpClk)
                  00000ad6    00000002     startup_ccs.obj (.text:FaultISR)
                  00000ad8    00000040     UART.obj (.text:UART_Welcome)
                  00000b18    00000040     rtsv7M4_T_le_v4SPD16_eabi.lib : exit.obj (.text)
                  00000b58    0000003c     Key.obj (.text:KeyInit)
                  00000b94    0000003c     main.obj (.text:Timer0IntHandler)
                  00000bd0    00000034     Key.obj (.text:GetKey)
                  00000c04    0000002e     driverlib-cm4f.lib : gpio.obj (.text:GPIODirModeSet)
                  00000c32    00000002     startup_ccs.obj (.text:IntDefaultHandler)
                  00000c34    00000028     driverlib-cm4f.lib : timer.obj (.text:TimerConfigure)
                  00000c5c    00000026     Key.obj (.text:IsCntlKey)
                  00000c82    00000002     startup_ccs.obj (.text:NmiSR)
                  00000c84    00000024     Key.obj (.text:KeyScan)
                  00000ca8    0000001c     driverlib-cm4f.lib : uart.obj (.text:UARTDisable)
                  00000cc4    00000018     rtsv7M4_T_le_v4SPD16_eabi.lib : args_main.obj (.text)
                  00000cdc    00000014     driverlib-cm4f.lib : uart.obj (.text:UARTEnable)
                  00000cf0    00000014     rtsv7M4_T_le_v4SPD16_eabi.lib : _lock.obj (.text)
                  00000d04    00000012     driverlib-cm4f.lib : gpio.obj (.text:GPIOPinTypeGPIOInput)
                  00000d16    00000012                        : gpio.obj (.text:GPIOPinTypeGPIOOutput)
                  00000d28    00000012                        : gpio.obj (.text:GPIOPinTypeUART)
                  00000d3a    00000012                        : timer.obj (.text:TimerLoadSet)
                  00000d4c    00000012     rtsv7M4_T_le_v4SPD16_eabi.lib : copy_zero_init.obj (.text:decompress:ZI)
                  00000d5e    00000002     --HOLE-- [fill = 0]
                  00000d60    00000010     driverlib-cm4f.lib : fpu.obj (.text:FPUEnable)
                  00000d70    00000010                        : fpu.obj (.text:FPULazyStackingEnable)
                  00000d80    0000000e                        : timer.obj (.text:TimerEnable)
                  00000d8e    0000000e     rtsv7M4_T_le_v4SPD16_eabi.lib : copy_decompress_none.obj (.text:decompress:none)
                  00000d9c    0000000c     driverlib-cm4f.lib : cpu.obj (.text:CPUcpsie)
                  00000da8    0000000a                        : gpio.obj (.text:GPIOPinRead)
                  00000db2    0000000a                        : gpio.obj (.text:GPIOPinWrite)
                  00000dbc    0000000a                        : interrupt.obj (.text:IntMasterEnable)
                  00000dc6    0000000a                        : uart.obj (.text:UARTCharPut)
                  00000dd0    0000000a                        : uart.obj (.text:UARTFIFOEnable)
                  00000dda    00000008                        : timer.obj (.text:TimerIntEnable)
                  00000de2    00000008                        : uart.obj (.text:UARTIntEnable)
                  00000dea    00000006     startup_ccs.obj (.text:ResetISR)
                  00000df0    00000006     driverlib-cm4f.lib : sysctl.obj (.text:SysCtlDelay)
                  00000df6    00000006                        : uart.obj (.text:UARTClockSourceSet)
                  00000dfc    00000006                        : uart.obj (.text:UARTFIFOLevelSet)
                  00000e02    00000006     rtsv7M4_T_le_v4SPD16_eabi.lib : copy_decompress_rle.obj (.text:decompress:rle24)
                  00000e08    00000004     driverlib-cm4f.lib : timer.obj (.text:TimerIntClear)

.const     0    00000e0c    00000290     
                  00000e0c    00000168     UART.obj (.const:menuStr)
                  00000f74    00000078     driverlib-cm4f.lib : gpio.obj (.const:g_pulGPIOBaseAddrs)
                  00000fec    00000070                        : interrupt.obj (.const)
                  0000105c    00000040                        : sysctl.obj (.const)

.cinit     0    000010a0    000000e8     
                  000010a0    000000c3     (.cinit..data.load) [load image, compression = rle]
                  00001163    00000001     --HOLE-- [fill = 0]
                  00001164    0000000c     (__TI_handler_table)
                  00001170    00000008     (.cinit..bss.load) [load image, compression = zero_init]
                  00001178    00000010     (__TI_cinit_table)

.data      0    20000000    00000121     
                  20000000    00000100     Key.obj (.data:UBrailleLookup)
                  20000100    00000008     Control.obj (.data)
                  20000108    00000008     rtsv7M4_T_le_v4SPD16_eabi.lib : _lock.obj (.data)
                  20000110    00000008                                   : exit.obj (.data)
                  20000118    00000004                                   : stkdepth_vars.obj (.data)
                  2000011c    00000003     Key.obj (.data)
                  2000011f    00000001     --HOLE--
                  20000120    00000001     main.obj (.data)

.bss       0    20000122    00000002     UNINITIALIZED
                  20000122    00000002     Key.obj (.bss)

.stack     0    20000124    00000100     UNINITIALIZED
                  20000124    00000100     --HOLE--


LINKER GENERATED COPY TABLES

__TI_cinit_table @ 00001178 records: 2, size/record: 8, table size: 16
	.data: load addr=000010a0, load size=000000c3 bytes, run addr=20000000, run size=00000121 bytes, compression=rle
	.bss: load addr=00001170, load size=00000008 bytes, run addr=20000122, run size=00000002 bytes, compression=zero_init


LINKER GENERATED HANDLER TABLE

__TI_handler_table @ 00001164 records: 3, size/record: 4, table size: 12
	index: 0, handler: __TI_decompress_rle24
	index: 1, handler: __TI_decompress_none
	index: 2, handler: __TI_zero_init


GLOBAL SYMBOLS: SORTED ALPHABETICALLY BY Name 

address    name
--------   ----
00000b19   C$$EXIT
00000d9d   CPUcpsie
00000923   CntlInit
000003a9   CntlTask
00000d61   FPUEnable
00000d71   FPULazyStackingEnable
00000c05   GPIODirModeSet
000004c5   GPIOPadConfigSet
0000097d   GPIOPinConfigure
00000da9   GPIOPinRead
00000d05   GPIOPinTypeGPIOInput
00000d17   GPIOPinTypeGPIOOutput
00000d29   GPIOPinTypeUART
00000db3   GPIOPinWrite
00000bd1   GetKey
00000861   IntEnable
00000dbd   IntMasterEnable
00000c5d   IsCntlKey
00000b59   KeyInit
000007f9   KeyTask
00000deb   ResetISR
UNDEFED    SHT$$INIT_ARRAY$$Base
UNDEFED    SHT$$INIT_ARRAY$$Limit
0000026d   SysCtlClockSet
00000df1   SysCtlDelay
00000925   SysCtlPeripheralEnable
00000b95   Timer0IntHandler
00000c35   TimerConfigure
00000d81   TimerEnable
00000e09   TimerIntClear
00000ddb   TimerIntEnable
00000d3b   TimerLoadSet
00000dc7   UARTCharPut
00000df7   UARTClockSourceSet
00000a95   UARTConfigSetExpClk
00000ca9   UARTDisable
00000cdd   UARTEnable
00000dd1   UARTFIFOEnable
00000dfd   UARTFIFOLevelSet
00000781   UARTInit
00000de3   UARTIntEnable
00000a0d   UARTIntHandler
00000ad9   UART_Welcome
20000224   __STACK_END
00000100   __STACK_SIZE
20000224   __STACK_TOP
00001178   __TI_CINIT_Base
00001188   __TI_CINIT_Limit
00001164   __TI_Handler_Table_Base
00001170   __TI_Handler_Table_Limit
00000001   __TI_args_main
000006ed   __TI_auto_init
00000d8f   __TI_decompress_none
00000e03   __TI_decompress_rle24
00000000   __TI_static_base__
00000d4d   __TI_zero_init
00000651   __aeabi_memcpy
00000651   __aeabi_memcpy4
00000651   __aeabi_memcpy8
ffffffff   __binit__
ffffffff   __c_args__
20000124   __stack
00000cc5   _args_main
000009c5   _c_int00
20000110   _cleanup_ptr
20000114   _dtors_ptr
20000108   _lock
00000cff   _nop
00000cf7   _register_lock
00000cf1   _register_unlock
2000010c   _unlock
00000b1d   abort
ffffffff   binit
00000a51   copy_in
00000b25   exit
00000000   g_pfnVectors
0000058d   main
20000118   main_func_sp
00000651   memcpy
00000e0c   menuStr
20000120   tickFlag


GLOBAL SYMBOLS: SORTED BY Symbol Address 

address    name
--------   ----
00000000   __TI_static_base__
00000000   g_pfnVectors
00000001   __TI_args_main
00000100   __STACK_SIZE
0000026d   SysCtlClockSet
000003a9   CntlTask
000004c5   GPIOPadConfigSet
0000058d   main
00000651   __aeabi_memcpy
00000651   __aeabi_memcpy4
00000651   __aeabi_memcpy8
00000651   memcpy
000006ed   __TI_auto_init
00000781   UARTInit
000007f9   KeyTask
00000861   IntEnable
00000923   CntlInit
00000925   SysCtlPeripheralEnable
0000097d   GPIOPinConfigure
000009c5   _c_int00
00000a0d   UARTIntHandler
00000a51   copy_in
00000a95   UARTConfigSetExpClk
00000ad9   UART_Welcome
00000b19   C$$EXIT
00000b1d   abort
00000b25   exit
00000b59   KeyInit
00000b95   Timer0IntHandler
00000bd1   GetKey
00000c05   GPIODirModeSet
00000c35   TimerConfigure
00000c5d   IsCntlKey
00000ca9   UARTDisable
00000cc5   _args_main
00000cdd   UARTEnable
00000cf1   _register_unlock
00000cf7   _register_lock
00000cff   _nop
00000d05   GPIOPinTypeGPIOInput
00000d17   GPIOPinTypeGPIOOutput
00000d29   GPIOPinTypeUART
00000d3b   TimerLoadSet
00000d4d   __TI_zero_init
00000d61   FPUEnable
00000d71   FPULazyStackingEnable
00000d81   TimerEnable
00000d8f   __TI_decompress_none
00000d9d   CPUcpsie
00000da9   GPIOPinRead
00000db3   GPIOPinWrite
00000dbd   IntMasterEnable
00000dc7   UARTCharPut
00000dd1   UARTFIFOEnable
00000ddb   TimerIntEnable
00000de3   UARTIntEnable
00000deb   ResetISR
00000df1   SysCtlDelay
00000df7   UARTClockSourceSet
00000dfd   UARTFIFOLevelSet
00000e03   __TI_decompress_rle24
00000e09   TimerIntClear
00000e0c   menuStr
00001164   __TI_Handler_Table_Base
00001170   __TI_Handler_Table_Limit
00001178   __TI_CINIT_Base
00001188   __TI_CINIT_Limit
20000108   _lock
2000010c   _unlock
20000110   _cleanup_ptr
20000114   _dtors_ptr
20000118   main_func_sp
20000120   tickFlag
20000124   __stack
20000224   __STACK_END
20000224   __STACK_TOP
ffffffff   __binit__
ffffffff   __c_args__
ffffffff   binit
UNDEFED    SHT$$INIT_ARRAY$$Base
UNDEFED    SHT$$INIT_ARRAY$$Limit

[81 symbols]
