******************************************************************************
                  TI ARM Linker PC v5.0.1                      
******************************************************************************
>> Linked Wed Jun 05 13:07:03 2013

OUTPUT FILE NAME:   <Braillearn_P20Dispatcher.out>
ENTRY POINT SYMBOL: "_c_int00"  address: 00000ad9


MEMORY CONFIGURATION

         name            origin    length      used     unused   attr    fill
----------------------  --------  ---------  --------  --------  ----  --------
  FLASH                 00000000   00040000  00000f42  0003f0be  R  X
  SRAM                  20000000   00008000  00000140  00007ec0  RW X


SEGMENT ALLOCATION MAP

run origin  load origin   length   init length attrs members
----------  ----------- ---------- ----------- ----- -------
00000000    00000000    00000f48   00000f48    r-x
  00000000    00000000    0000026c   0000026c    r-- .intvecs
  0000026c    0000026c    00000b76   00000b76    r-x .text
  00000de4    00000de4    00000128   00000128    r-- .const
  00000f10    00000f10    00000038   00000038    r-- .cinit
20000000    20000000    00000127   00000000    rw-
  20000000    20000000    00000100   00000000    rw- .stack
  20000100    20000100    00000027   00000000    rw- .bss
20000128    20000128    00000019   00000019    rw-
  20000128    20000128    00000019   00000019    rw- .data


SECTION ALLOCATION MAP

 output                                  attributes/
section   page    origin      length       input sections
--------  ----  ----------  ----------   ----------------
.intvecs   0    00000000    0000026c     
                  00000000    0000026c     startup_ccs.obj (.intvecs)

.init_array 
*          0    00000000    00000000     UNINITIALIZED

.text      0    0000026c    00000b76     
                  0000026c    0000013c     driverlib-cm4f.lib : sysctl.obj (.text:SysCtlClockSet)
                  000003a8    00000114     UART.obj (.text:UARTInit)
                  000004bc    000000d8     Display.obj (.text:DisplayInit)
                  00000594    000000c8     driverlib-cm4f.lib : gpio.obj (.text:GPIOPadConfigSet)
                  0000065c    0000009c     rtsv7M4_T_le_v4SPD16_eabi.lib : memcpy_t2.obj (.text)
                  000006f8    00000094                                   : auto_init.obj (.text)
                  0000078c    00000080     UART.obj (.text:UARTIntHandler)
                  0000080c    0000007c     UART.obj (.text:UARTTask)
                  00000888    00000078     main.obj (.text:main)
                  00000900    00000074     Display.obj (.text:DisplayTask)
                  00000974    00000064     driverlib-cm4f.lib : interrupt.obj (.text:IntEnable)
                  000009d8    0000005e     rtsv7M4_T_le_v4SPD16_eabi.lib : copy_decompress_rle.obj (.text)
                  00000a36    00000002     startup_ccs.obj (.text:FaultISR)
                  00000a38    00000058     driverlib-cm4f.lib : sysctl.obj (.text:SysCtlPeripheralEnable)
                  00000a90    00000048                        : gpio.obj (.text:GPIOPinConfigure)
                  00000ad8    00000048     rtsv7M4_T_le_v4SPD16_eabi.lib : boot.obj (.text)
                  00000b20    00000044                                   : cpy_tbl.obj (.text)
                  00000b64    00000042     driverlib-cm4f.lib : uart.obj (.text:UARTConfigSetExpClk)
                  00000ba6    00000002     startup_ccs.obj (.text:IntDefaultHandler)
                  00000ba8    00000040     rtsv7M4_T_le_v4SPD16_eabi.lib : exit.obj (.text)
                  00000be8    0000002e     driverlib-cm4f.lib : gpio.obj (.text:GPIODirModeSet)
                  00000c16    00000002     startup_ccs.obj (.text:NmiSR)
                  00000c18    00000028     driverlib-cm4f.lib : timer.obj (.text:TimerConfigure)
                  00000c40    00000024     UART.obj (.text:UARTSend)
                  00000c64    0000001c     main.obj (.text:Timer0IntHandler)
                  00000c80    0000001c     driverlib-cm4f.lib : uart.obj (.text:UARTDisable)
                  00000c9c    0000001c     UART.obj (.text:UARTGetBuffer)
                  00000cb8    00000018     rtsv7M4_T_le_v4SPD16_eabi.lib : args_main.obj (.text)
                  00000cd0    00000014     driverlib-cm4f.lib : uart.obj (.text:UARTEnable)
                  00000ce4    00000014     rtsv7M4_T_le_v4SPD16_eabi.lib : _lock.obj (.text)
                  00000cf8    00000012     driverlib-cm4f.lib : gpio.obj (.text:GPIOPinTypeGPIOOutputOD)
                  00000d0a    00000012                        : gpio.obj (.text:GPIOPinTypeUART)
                  00000d1c    00000012                        : timer.obj (.text:TimerLoadSet)
                  00000d2e    00000012     rtsv7M4_T_le_v4SPD16_eabi.lib : copy_zero_init.obj (.text:decompress:ZI)
                  00000d40    00000010     driverlib-cm4f.lib : fpu.obj (.text:FPUEnable)
                  00000d50    00000010                        : fpu.obj (.text:FPULazyStackingEnable)
                  00000d60    0000000e                        : timer.obj (.text:TimerEnable)
                  00000d6e    0000000e     rtsv7M4_T_le_v4SPD16_eabi.lib : copy_decompress_none.obj (.text:decompress:none)
                  00000d7c    0000000c     driverlib-cm4f.lib : cpu.obj (.text:CPUcpsie)
                  00000d88    0000000a                        : gpio.obj (.text:GPIOPinWrite)
                  00000d92    0000000a                        : interrupt.obj (.text:IntMasterEnable)
                  00000d9c    0000000a                        : uart.obj (.text:UARTFIFOEnable)
                  00000da6    0000000a                        : uart.obj (.text:UARTIntDisable)
                  00000db0    00000008                        : timer.obj (.text:TimerIntEnable)
                  00000db8    00000008                        : uart.obj (.text:UARTIntEnable)
                  00000dc0    00000006     startup_ccs.obj (.text:ResetISR)
                  00000dc6    00000006     driverlib-cm4f.lib : sysctl.obj (.text:SysCtlDelay)
                  00000dcc    00000006                        : uart.obj (.text:UARTClockSourceSet)
                  00000dd2    00000006                        : uart.obj (.text:UARTFIFOLevelSet)
                  00000dd8    00000006     rtsv7M4_T_le_v4SPD16_eabi.lib : copy_decompress_rle.obj (.text:decompress:rle24)
                  00000dde    00000004     driverlib-cm4f.lib : timer.obj (.text:TimerIntClear)

.const     0    00000de4    00000128     
                  00000de4    00000078     driverlib-cm4f.lib : gpio.obj (.const:g_pulGPIOBaseAddrs)
                  00000e5c    00000070                        : interrupt.obj (.const)
                  00000ecc    00000040                        : sysctl.obj (.const)

.cinit     0    00000f10    00000038     
                  00000f10    0000000f     (.cinit..data.load) [load image, compression = rle]
                  00000f1f    00000001     --HOLE-- [fill = 0]
                  00000f20    0000000c     (__TI_handler_table)
                  00000f2c    00000004     --HOLE-- [fill = 0]
                  00000f30    00000008     (.cinit..bss.load) [load image, compression = zero_init]
                  00000f38    00000010     (__TI_cinit_table)

.stack     0    20000000    00000100     UNINITIALIZED
                  20000000    00000100     --HOLE--

.bss       0    20000100    00000027     UNINITIALIZED
                  20000100    0000001f     UART.obj (.bss)
                  2000011f    00000008     Display.obj (.bss)

.data      0    20000128    00000019     
                  20000128    00000008     rtsv7M4_T_le_v4SPD16_eabi.lib : _lock.obj (.data)
                  20000130    00000008                                   : exit.obj (.data)
                  20000138    00000004                                   : stkdepth_vars.obj (.data)
                  2000013c    00000001     UART.obj (.data)
                  2000013d    00000003     --HOLE--
                  20000140    00000001     main.obj (.data)


LINKER GENERATED COPY TABLES

__TI_cinit_table @ 00000f38 records: 2, size/record: 8, table size: 16
	.data: load addr=00000f10, load size=0000000f bytes, run addr=20000128, run size=00000019 bytes, compression=rle
	.bss: load addr=00000f30, load size=00000008 bytes, run addr=20000100, run size=00000027 bytes, compression=zero_init


LINKER GENERATED HANDLER TABLE

__TI_handler_table @ 00000f20 records: 3, size/record: 4, table size: 12
	index: 0, handler: __TI_decompress_rle24
	index: 1, handler: __TI_decompress_none
	index: 2, handler: __TI_zero_init


GLOBAL SYMBOLS: SORTED ALPHABETICALLY BY Name 

address    name
--------   ----
00000ba9   C$$EXIT
00000d7d   CPUcpsie
000004bd   DisplayInit
00000901   DisplayTask
00000d41   FPUEnable
00000d51   FPULazyStackingEnable
00000be9   GPIODirModeSet
00000595   GPIOPadConfigSet
00000a91   GPIOPinConfigure
00000cf9   GPIOPinTypeGPIOOutputOD
00000d0b   GPIOPinTypeUART
00000d89   GPIOPinWrite
00000975   IntEnable
00000d93   IntMasterEnable
00000dc1   ResetISR
UNDEFED    SHT$$INIT_ARRAY$$Base
UNDEFED    SHT$$INIT_ARRAY$$Limit
0000026d   SysCtlClockSet
00000dc7   SysCtlDelay
00000a39   SysCtlPeripheralEnable
00000c65   Timer0IntHandler
00000c19   TimerConfigure
00000d61   TimerEnable
00000ddf   TimerIntClear
00000db1   TimerIntEnable
00000d1d   TimerLoadSet
00000dcd   UARTClockSourceSet
00000b65   UARTConfigSetExpClk
00000c81   UARTDisable
00000cd1   UARTEnable
00000d9d   UARTFIFOEnable
00000dd3   UARTFIFOLevelSet
00000c9d   UARTGetBuffer
000003a9   UARTInit
00000da7   UARTIntDisable
00000db9   UARTIntEnable
0000078d   UARTIntHandler
00000c41   UARTSend
0000080d   UARTTask
20000100   __STACK_END
00000100   __STACK_SIZE
20000100   __STACK_TOP
00000f38   __TI_CINIT_Base
00000f48   __TI_CINIT_Limit
00000f20   __TI_Handler_Table_Base
00000f2c   __TI_Handler_Table_Limit
00000001   __TI_args_main
000006f9   __TI_auto_init
00000d6f   __TI_decompress_none
00000dd9   __TI_decompress_rle24
00000000   __TI_static_base__
00000d2f   __TI_zero_init
0000065d   __aeabi_memcpy
0000065d   __aeabi_memcpy4
0000065d   __aeabi_memcpy8
ffffffff   __binit__
ffffffff   __c_args__
20000000   __stack
00000cb9   _args_main
00000ad9   _c_int00
20000130   _cleanup_ptr
20000134   _dtors_ptr
20000128   _lock
00000cf3   _nop
00000ceb   _register_lock
00000ce5   _register_unlock
2000012c   _unlock
00000bad   abort
ffffffff   binit
00000b21   copy_in
00000bb5   exit
00000000   g_pfnVectors
00000889   main
20000138   main_func_sp
0000065d   memcpy
20000140   tickFlag


GLOBAL SYMBOLS: SORTED BY Symbol Address 

address    name
--------   ----
00000000   __TI_static_base__
00000000   g_pfnVectors
00000001   __TI_args_main
00000100   __STACK_SIZE
0000026d   SysCtlClockSet
000003a9   UARTInit
000004bd   DisplayInit
00000595   GPIOPadConfigSet
0000065d   __aeabi_memcpy
0000065d   __aeabi_memcpy4
0000065d   __aeabi_memcpy8
0000065d   memcpy
000006f9   __TI_auto_init
0000078d   UARTIntHandler
0000080d   UARTTask
00000889   main
00000901   DisplayTask
00000975   IntEnable
00000a39   SysCtlPeripheralEnable
00000a91   GPIOPinConfigure
00000ad9   _c_int00
00000b21   copy_in
00000b65   UARTConfigSetExpClk
00000ba9   C$$EXIT
00000bad   abort
00000bb5   exit
00000be9   GPIODirModeSet
00000c19   TimerConfigure
00000c41   UARTSend
00000c65   Timer0IntHandler
00000c81   UARTDisable
00000c9d   UARTGetBuffer
00000cb9   _args_main
00000cd1   UARTEnable
00000ce5   _register_unlock
00000ceb   _register_lock
00000cf3   _nop
00000cf9   GPIOPinTypeGPIOOutputOD
00000d0b   GPIOPinTypeUART
00000d1d   TimerLoadSet
00000d2f   __TI_zero_init
00000d41   FPUEnable
00000d51   FPULazyStackingEnable
00000d61   TimerEnable
00000d6f   __TI_decompress_none
00000d7d   CPUcpsie
00000d89   GPIOPinWrite
00000d93   IntMasterEnable
00000d9d   UARTFIFOEnable
00000da7   UARTIntDisable
00000db1   TimerIntEnable
00000db9   UARTIntEnable
00000dc1   ResetISR
00000dc7   SysCtlDelay
00000dcd   UARTClockSourceSet
00000dd3   UARTFIFOLevelSet
00000dd9   __TI_decompress_rle24
00000ddf   TimerIntClear
00000f20   __TI_Handler_Table_Base
00000f2c   __TI_Handler_Table_Limit
00000f38   __TI_CINIT_Base
00000f48   __TI_CINIT_Limit
20000000   __stack
20000100   __STACK_END
20000100   __STACK_TOP
20000128   _lock
2000012c   _unlock
20000130   _cleanup_ptr
20000134   _dtors_ptr
20000138   main_func_sp
20000140   tickFlag
ffffffff   __binit__
ffffffff   __c_args__
ffffffff   binit
UNDEFED    SHT$$INIT_ARRAY$$Base
UNDEFED    SHT$$INIT_ARRAY$$Limit

[76 symbols]
