******************************************************************************
                  TI ARM Linker PC v5.0.1                      
******************************************************************************
>> Linked Sun May 26 21:14:57 2013

OUTPUT FILE NAME:   <Braillearn.out>
ENTRY POINT SYMBOL: "_c_int00"  address: 00000de5


MEMORY CONFIGURATION

         name            origin    length      used     unused   attr    fill
----------------------  --------  ---------  --------  --------  ----  --------
  FLASH                 00000000   00040000  000015d6  0003ea2a  R  X
  SRAM                  20000000   00008000  0000026f  00007d91  RW X


SEGMENT ALLOCATION MAP

run origin  load origin   length   init length attrs members
----------  ----------- ---------- ----------- ----- -------
00000000    00000000    000015d8   000015d8    r-x
  00000000    00000000    0000026c   0000026c    r-- .intvecs
  0000026c    0000026c    00000ff2   00000ff2    r-x .text
  00001260    00001260    00000290   00000290    r-- .const
  000014f0    000014f0    000000e8   000000e8    r-- .cinit
20000000    20000000    00000272   00000129    rw-
  20000000    20000000    00000129   00000129    rw- .data
  2000012c    2000012c    00000100   00000000    rw- .stack
  2000022c    2000022c    00000046   00000000    rw- .bss


SECTION ALLOCATION MAP

 output                                  attributes/
section   page    origin      length       input sections
--------  ----  ----------  ----------   ----------------
.intvecs   0    00000000    0000026c     
                  00000000    0000026c     startup_ccs.obj (.intvecs)

.init_array 
*          0    00000000    00000000     UNINITIALIZED

.text      0    0000026c    00000ff2     
                  0000026c    00000294     Control.obj (.text:CntlTask)
                  00000500    0000013c     driverlib-cm4f.lib : sysctl.obj (.text:SysCtlClockSet)
                  0000063c    000000d8     main.obj (.text:main)
                  00000714    000000c8     driverlib-cm4f.lib : gpio.obj (.text:GPIOPadConfigSet)
                  000007dc    000000a8     UART.obj (.text:UARTInit)
                  00000884    0000009c     rtsv7M4_T_le_v4SPD16_eabi.lib : memcpy_t2.obj (.text)
                  00000920    00000094                                   : auto_init.obj (.text)
                  000009b4    00000080     UART.obj (.text:UARTTask)
                  00000a34    00000070     UART.obj (.text:UARTIntHandler)
                  00000aa4    0000006c     Key.obj (.text:KeyScan)
                  00000b10    00000068     Key.obj (.text:KeyTask)
                  00000b78    00000068     SPI.obj (.text:SPIInit)
                  00000be0    00000064     driverlib-cm4f.lib : interrupt.obj (.text:IntEnable)
                  00000c44    0000005e     rtsv7M4_T_le_v4SPD16_eabi.lib : copy_decompress_rle.obj (.text)
                  00000ca2    00000002     Control.obj (.text:CntlInit)
                  00000ca4    00000058     Key.obj (.text:KeyInit)
                  00000cfc    00000058     driverlib-cm4f.lib : sysctl.obj (.text:SysCtlPeripheralEnable)
                  00000d54    00000048                        : gpio.obj (.text:GPIOPinConfigure)
                  00000d9c    00000048     SPI.obj (.text:SPISendChar)
                  00000de4    00000048     rtsv7M4_T_le_v4SPD16_eabi.lib : boot.obj (.text)
                  00000e2c    00000044     SPI.obj (.text:SPIIntHandler)
                  00000e70    00000044     rtsv7M4_T_le_v4SPD16_eabi.lib : cpy_tbl.obj (.text)
                  00000eb4    00000042     driverlib-cm4f.lib : uart.obj (.text:UARTConfigSetExpClk)
                  00000ef6    00000002     startup_ccs.obj (.text:FaultISR)
                  00000ef8    00000040     UART.obj (.text:UARTSend)
                  00000f38    00000040     UART.obj (.text:UART_Welcome)
                  00000f78    00000040     rtsv7M4_T_le_v4SPD16_eabi.lib : exit.obj (.text)
                  00000fb8    0000003c     main.obj (.text:Timer0IntHandler)
                  00000ff4    00000034     Key.obj (.text:GetKey)
                  00001028    0000002e     driverlib-cm4f.lib : gpio.obj (.text:GPIODirModeSet)
                  00001056    00000002     startup_ccs.obj (.text:IntDefaultHandler)
                  00001058    0000002c     UART.obj (.text:UARTSendChar)
                  00001084    00000028     Key.obj (.text:IsCntlKey)
                  000010ac    00000028     driverlib-cm4f.lib : timer.obj (.text:TimerConfigure)
                  000010d4    0000001c                        : uart.obj (.text:UARTDisable)
                  000010f0    0000001c     UART.obj (.text:UARTGetBuffer)
                  0000110c    00000018     rtsv7M4_T_le_v4SPD16_eabi.lib : args_main.obj (.text)
                  00001124    00000014     driverlib-cm4f.lib : uart.obj (.text:UARTEnable)
                  00001138    00000014     rtsv7M4_T_le_v4SPD16_eabi.lib : _lock.obj (.text)
                  0000114c    00000012     driverlib-cm4f.lib : gpio.obj (.text:GPIOPinTypeGPIOInput)
                  0000115e    00000012                        : gpio.obj (.text:GPIOPinTypeGPIOOutput)
                  00001170    00000012                        : gpio.obj (.text:GPIOPinTypeUART)
                  00001182    00000012                        : timer.obj (.text:TimerLoadSet)
                  00001194    00000012     rtsv7M4_T_le_v4SPD16_eabi.lib : copy_zero_init.obj (.text:decompress:ZI)
                  000011a6    00000002     startup_ccs.obj (.text:NmiSR)
                  000011a8    00000010     driverlib-cm4f.lib : fpu.obj (.text:FPUEnable)
                  000011b8    00000010                        : fpu.obj (.text:FPULazyStackingEnable)
                  000011c8    0000000e                        : timer.obj (.text:TimerEnable)
                  000011d6    0000000e     rtsv7M4_T_le_v4SPD16_eabi.lib : copy_decompress_none.obj (.text:decompress:none)
                  000011e4    0000000c     driverlib-cm4f.lib : cpu.obj (.text:CPUcpsie)
                  000011f0    0000000a                        : gpio.obj (.text:GPIOPinRead)
                  000011fa    0000000a                        : gpio.obj (.text:GPIOPinWrite)
                  00001204    0000000a                        : interrupt.obj (.text:IntMasterEnable)
                  0000120e    0000000a                        : uart.obj (.text:UARTCharPut)
                  00001218    0000000a                        : uart.obj (.text:UARTFIFOEnable)
                  00001222    0000000a                        : uart.obj (.text:UARTIntDisable)
                  0000122c    00000008                        : timer.obj (.text:TimerIntEnable)
                  00001234    00000008                        : uart.obj (.text:UARTIntEnable)
                  0000123c    00000006     startup_ccs.obj (.text:ResetISR)
                  00001242    00000006     driverlib-cm4f.lib : sysctl.obj (.text:SysCtlDelay)
                  00001248    00000006                        : uart.obj (.text:UARTClockSourceSet)
                  0000124e    00000006                        : uart.obj (.text:UARTFIFOLevelSet)
                  00001254    00000006     rtsv7M4_T_le_v4SPD16_eabi.lib : copy_decompress_rle.obj (.text:decompress:rle24)
                  0000125a    00000004     driverlib-cm4f.lib : timer.obj (.text:TimerIntClear)

.const     0    00001260    00000290     
                  00001260    00000168     UART.obj (.const:menuStr)
                  000013c8    00000078     driverlib-cm4f.lib : gpio.obj (.const:g_pulGPIOBaseAddrs)
                  00001440    00000070                        : interrupt.obj (.const)
                  000014b0    00000040                        : sysctl.obj (.const)

.cinit     0    000014f0    000000e8     
                  000014f0    000000c4     (.cinit..data.load) [load image, compression = rle]
                  000015b4    0000000c     (__TI_handler_table)
                  000015c0    00000008     (.cinit..bss.load) [load image, compression = zero_init]
                  000015c8    00000010     (__TI_cinit_table)

.data      0    20000000    00000129     
                  20000000    00000100     Key.obj (.data:UBrailleLookup)
                  20000100    00000009     Control.obj (.data)
                  20000109    00000003     --HOLE--
                  2000010c    00000008     rtsv7M4_T_le_v4SPD16_eabi.lib : _lock.obj (.data)
                  20000114    00000008                                   : exit.obj (.data)
                  2000011c    00000004                                   : stkdepth_vars.obj (.data)
                  20000120    00000003     Key.obj (.data)
                  20000123    00000001     --HOLE--
                  20000124    00000001     UART.obj (.data)
                  20000125    00000003     --HOLE--
                  20000128    00000001     main.obj (.data)

.stack     0    2000012c    00000100     UNINITIALIZED
                  2000012c    00000100     --HOLE--

.bss       0    2000022c    00000046     UNINITIALIZED
                  2000022c    00000033     UART.obj (.bss)
                  2000025f    00000010     Control.obj (.bss)
                  2000026f    00000001     --HOLE--
                  20000270    00000002     Key.obj (.bss)


LINKER GENERATED COPY TABLES

__TI_cinit_table @ 000015c8 records: 2, size/record: 8, table size: 16
	.data: load addr=000014f0, load size=000000c4 bytes, run addr=20000000, run size=00000129 bytes, compression=rle
	.bss: load addr=000015c0, load size=00000008 bytes, run addr=2000022c, run size=00000046 bytes, compression=zero_init


LINKER GENERATED HANDLER TABLE

__TI_handler_table @ 000015b4 records: 3, size/record: 4, table size: 12
	index: 0, handler: __TI_decompress_rle24
	index: 1, handler: __TI_decompress_none
	index: 2, handler: __TI_zero_init


GLOBAL SYMBOLS: SORTED ALPHABETICALLY BY Name 

address    name
--------   ----
00000f79   C$$EXIT
000011e5   CPUcpsie
00000ca3   CntlInit
0000026d   CntlTask
000011a9   FPUEnable
000011b9   FPULazyStackingEnable
00001029   GPIODirModeSet
00000715   GPIOPadConfigSet
00000d55   GPIOPinConfigure
000011f1   GPIOPinRead
0000114d   GPIOPinTypeGPIOInput
0000115f   GPIOPinTypeGPIOOutput
00001171   GPIOPinTypeUART
000011fb   GPIOPinWrite
00000ff5   GetKey
00000be1   IntEnable
00001205   IntMasterEnable
00001085   IsCntlKey
00000ca5   KeyInit
00000b11   KeyTask
0000123d   ResetISR
UNDEFED    SHT$$INIT_ARRAY$$Base
UNDEFED    SHT$$INIT_ARRAY$$Limit
00000b79   SPIInit
00000e2d   SPIIntHandler
00000d9d   SPISendChar
00000501   SysCtlClockSet
00001243   SysCtlDelay
00000cfd   SysCtlPeripheralEnable
00000fb9   Timer0IntHandler
000010ad   TimerConfigure
000011c9   TimerEnable
0000125b   TimerIntClear
0000122d   TimerIntEnable
00001183   TimerLoadSet
0000120f   UARTCharPut
00001249   UARTClockSourceSet
00000eb5   UARTConfigSetExpClk
000010d5   UARTDisable
00001125   UARTEnable
00001219   UARTFIFOEnable
0000124f   UARTFIFOLevelSet
000010f1   UARTGetBuffer
000007dd   UARTInit
00001223   UARTIntDisable
00001235   UARTIntEnable
00000a35   UARTIntHandler
00000ef9   UARTSend
00001059   UARTSendChar
000009b5   UARTTask
00000f39   UART_Welcome
2000022c   __STACK_END
00000100   __STACK_SIZE
2000022c   __STACK_TOP
000015c8   __TI_CINIT_Base
000015d8   __TI_CINIT_Limit
000015b4   __TI_Handler_Table_Base
000015c0   __TI_Handler_Table_Limit
00000001   __TI_args_main
00000921   __TI_auto_init
000011d7   __TI_decompress_none
00001255   __TI_decompress_rle24
00000000   __TI_static_base__
00001195   __TI_zero_init
00000885   __aeabi_memcpy
00000885   __aeabi_memcpy4
00000885   __aeabi_memcpy8
ffffffff   __binit__
ffffffff   __c_args__
2000012c   __stack
0000110d   _args_main
00000de5   _c_int00
20000114   _cleanup_ptr
20000118   _dtors_ptr
2000010c   _lock
00001147   _nop
0000113f   _register_lock
00001139   _register_unlock
20000110   _unlock
00000f7d   abort
ffffffff   binit
00000e71   copy_in
00000f85   exit
00000000   g_pfnVectors
0000063d   main
2000011c   main_func_sp
00000885   memcpy
00001260   menuStr
20000128   tickFlag


GLOBAL SYMBOLS: SORTED BY Symbol Address 

address    name
--------   ----
00000000   __TI_static_base__
00000000   g_pfnVectors
00000001   __TI_args_main
00000100   __STACK_SIZE
0000026d   CntlTask
00000501   SysCtlClockSet
0000063d   main
00000715   GPIOPadConfigSet
000007dd   UARTInit
00000885   __aeabi_memcpy
00000885   __aeabi_memcpy4
00000885   __aeabi_memcpy8
00000885   memcpy
00000921   __TI_auto_init
000009b5   UARTTask
00000a35   UARTIntHandler
00000b11   KeyTask
00000b79   SPIInit
00000be1   IntEnable
00000ca3   CntlInit
00000ca5   KeyInit
00000cfd   SysCtlPeripheralEnable
00000d55   GPIOPinConfigure
00000d9d   SPISendChar
00000de5   _c_int00
00000e2d   SPIIntHandler
00000e71   copy_in
00000eb5   UARTConfigSetExpClk
00000ef9   UARTSend
00000f39   UART_Welcome
00000f79   C$$EXIT
00000f7d   abort
00000f85   exit
00000fb9   Timer0IntHandler
00000ff5   GetKey
00001029   GPIODirModeSet
00001059   UARTSendChar
00001085   IsCntlKey
000010ad   TimerConfigure
000010d5   UARTDisable
000010f1   UARTGetBuffer
0000110d   _args_main
00001125   UARTEnable
00001139   _register_unlock
0000113f   _register_lock
00001147   _nop
0000114d   GPIOPinTypeGPIOInput
0000115f   GPIOPinTypeGPIOOutput
00001171   GPIOPinTypeUART
00001183   TimerLoadSet
00001195   __TI_zero_init
000011a9   FPUEnable
000011b9   FPULazyStackingEnable
000011c9   TimerEnable
000011d7   __TI_decompress_none
000011e5   CPUcpsie
000011f1   GPIOPinRead
000011fb   GPIOPinWrite
00001205   IntMasterEnable
0000120f   UARTCharPut
00001219   UARTFIFOEnable
00001223   UARTIntDisable
0000122d   TimerIntEnable
00001235   UARTIntEnable
0000123d   ResetISR
00001243   SysCtlDelay
00001249   UARTClockSourceSet
0000124f   UARTFIFOLevelSet
00001255   __TI_decompress_rle24
0000125b   TimerIntClear
00001260   menuStr
000015b4   __TI_Handler_Table_Base
000015c0   __TI_Handler_Table_Limit
000015c8   __TI_CINIT_Base
000015d8   __TI_CINIT_Limit
2000010c   _lock
20000110   _unlock
20000114   _cleanup_ptr
20000118   _dtors_ptr
2000011c   main_func_sp
20000128   tickFlag
2000012c   __stack
2000022c   __STACK_END
2000022c   __STACK_TOP
ffffffff   __binit__
ffffffff   __c_args__
ffffffff   binit
UNDEFED    SHT$$INIT_ARRAY$$Base
UNDEFED    SHT$$INIT_ARRAY$$Limit

[89 symbols]
