******************************************************************************
                  TI ARM Linker PC v5.0.1                      
******************************************************************************
>> Linked Thu Jun 06 05:00:16 2013

OUTPUT FILE NAME:   <Braillearn_P20Dispatcher.out>
ENTRY POINT SYMBOL: "_c_int00"  address: 00000ab9


MEMORY CONFIGURATION

         name            origin    length      used     unused   attr    fill
----------------------  --------  ---------  --------  --------  ----  --------
  FLASH                 00000000   00040000  00000efa  0003f106  R  X
  SRAM                  20000000   00008000  00000140  00007ec0  RW X


SEGMENT ALLOCATION MAP

run origin  load origin   length   init length attrs members
----------  ----------- ---------- ----------- ----- -------
00000000    00000000    00000f00   00000f00    r-x
  00000000    00000000    0000026c   0000026c    r-- .intvecs
  0000026c    0000026c    00000b2e   00000b2e    r-x .text
  00000d9c    00000d9c    00000128   00000128    r-- .const
  00000ec8    00000ec8    00000038   00000038    r-- .cinit
20000000    20000000    00000127   00000000    rw-
  20000000    20000000    00000100   00000000    rw- .stack
  20000100    20000100    00000027   00000000    rw- .bss
20000128    20000128    00000019   00000019    rw-
  20000128    20000128    00000019   00000019    rw- .data


SECTION ALLOCATION MAP

 output                                  attributes/
section   page    origin      length       input sections
--------  ----  ----------  ----------   ----------------
.intvecs   0    00000000    0000026c     
                  00000000    0000026c     startup_ccs.obj (.intvecs)

.init_array 
*          0    00000000    00000000     UNINITIALIZED

.text      0    0000026c    00000b2e     
                  0000026c    0000013c     driverlib-cm4f.lib : sysctl.obj (.text:SysCtlClockSet)
                  000003a8    00000114     UART.obj (.text:UARTInit)
                  000004bc    000000d8     Display.obj (.text:DisplayInit)
                  00000594    000000c8     driverlib-cm4f.lib : gpio.obj (.text:GPIOPadConfigSet)
                  0000065c    0000009c     rtsv7M4_T_le_v4SPD16_eabi.lib : memcpy_t2.obj (.text)
                  000006f8    00000094                                   : auto_init.obj (.text)
                  0000078c    00000080     UART.obj (.text:UARTIntHandler)
                  0000080c    00000078     main.obj (.text:main)
                  00000884    00000074     Display.obj (.text:DisplayTask)
                  000008f8    00000064     driverlib-cm4f.lib : interrupt.obj (.text:IntEnable)
                  0000095c    0000005e     rtsv7M4_T_le_v4SPD16_eabi.lib : copy_decompress_rle.obj (.text)
                  000009ba    00000002     startup_ccs.obj (.text:FaultISR)
                  000009bc    0000005c     UART.obj (.text:UARTTask)
                  00000a18    00000058     driverlib-cm4f.lib : sysctl.obj (.text:SysCtlPeripheralEnable)
                  00000a70    00000048                        : gpio.obj (.text:GPIOPinConfigure)
                  00000ab8    00000048     rtsv7M4_T_le_v4SPD16_eabi.lib : boot.obj (.text)
                  00000b00    00000044                                   : cpy_tbl.obj (.text)
                  00000b44    00000042     driverlib-cm4f.lib : uart.obj (.text:UARTConfigSetExpClk)
                  00000b86    00000002     startup_ccs.obj (.text:IntDefaultHandler)
                  00000b88    00000040     rtsv7M4_T_le_v4SPD16_eabi.lib : exit.obj (.text)
                  00000bc8    0000002e     driverlib-cm4f.lib : gpio.obj (.text:GPIODirModeSet)
                  00000bf6    00000002     startup_ccs.obj (.text:NmiSR)
                  00000bf8    00000028     driverlib-cm4f.lib : timer.obj (.text:TimerConfigure)
                  00000c20    0000001c     main.obj (.text:Timer0IntHandler)
                  00000c3c    0000001c     driverlib-cm4f.lib : uart.obj (.text:UARTDisable)
                  00000c58    00000018     UART.obj (.text:UARTGetBuffer)
                  00000c70    00000018     rtsv7M4_T_le_v4SPD16_eabi.lib : args_main.obj (.text)
                  00000c88    00000014     driverlib-cm4f.lib : uart.obj (.text:UARTEnable)
                  00000c9c    00000014     rtsv7M4_T_le_v4SPD16_eabi.lib : _lock.obj (.text)
                  00000cb0    00000012     driverlib-cm4f.lib : gpio.obj (.text:GPIOPinTypeGPIOOutputOD)
                  00000cc2    00000012                        : gpio.obj (.text:GPIOPinTypeUART)
                  00000cd4    00000012                        : timer.obj (.text:TimerLoadSet)
                  00000ce6    00000012     rtsv7M4_T_le_v4SPD16_eabi.lib : copy_zero_init.obj (.text:decompress:ZI)
                  00000cf8    00000010     driverlib-cm4f.lib : fpu.obj (.text:FPUEnable)
                  00000d08    00000010                        : fpu.obj (.text:FPULazyStackingEnable)
                  00000d18    0000000e                        : timer.obj (.text:TimerEnable)
                  00000d26    0000000e     rtsv7M4_T_le_v4SPD16_eabi.lib : copy_decompress_none.obj (.text:decompress:none)
                  00000d34    0000000c     driverlib-cm4f.lib : cpu.obj (.text:CPUcpsie)
                  00000d40    0000000a                        : gpio.obj (.text:GPIOPinWrite)
                  00000d4a    0000000a                        : interrupt.obj (.text:IntMasterEnable)
                  00000d54    0000000a                        : uart.obj (.text:UARTFIFOEnable)
                  00000d5e    0000000a                        : uart.obj (.text:UARTIntDisable)
                  00000d68    00000008                        : timer.obj (.text:TimerIntEnable)
                  00000d70    00000008                        : uart.obj (.text:UARTIntEnable)
                  00000d78    00000006     startup_ccs.obj (.text:ResetISR)
                  00000d7e    00000006     driverlib-cm4f.lib : sysctl.obj (.text:SysCtlDelay)
                  00000d84    00000006                        : uart.obj (.text:UARTClockSourceSet)
                  00000d8a    00000006                        : uart.obj (.text:UARTFIFOLevelSet)
                  00000d90    00000006     rtsv7M4_T_le_v4SPD16_eabi.lib : copy_decompress_rle.obj (.text:decompress:rle24)
                  00000d96    00000004     driverlib-cm4f.lib : timer.obj (.text:TimerIntClear)

.const     0    00000d9c    00000128     
                  00000d9c    00000078     driverlib-cm4f.lib : gpio.obj (.const:g_pulGPIOBaseAddrs)
                  00000e14    00000070                        : interrupt.obj (.const)
                  00000e84    00000040                        : sysctl.obj (.const)

.cinit     0    00000ec8    00000038     
                  00000ec8    0000000f     (.cinit..data.load) [load image, compression = rle]
                  00000ed7    00000001     --HOLE-- [fill = 0]
                  00000ed8    0000000c     (__TI_handler_table)
                  00000ee4    00000004     --HOLE-- [fill = 0]
                  00000ee8    00000008     (.cinit..bss.load) [load image, compression = zero_init]
                  00000ef0    00000010     (__TI_cinit_table)

.stack     0    20000000    00000100     UNINITIALIZED
                  20000000    00000100     --HOLE--

.bss       0    20000100    00000027     UNINITIALIZED
                  20000100    0000001f     UART.obj (.bss)
                  2000011f    00000008     Display.obj (.bss)

.data      0    20000128    00000019     
                  20000128    00000008     rtsv7M4_T_le_v4SPD16_eabi.lib : _lock.obj (.data)
                  20000130    00000008                                   : exit.obj (.data)
                  20000138    00000004                                   : stkdepth_vars.obj (.data)
                  2000013c    00000001     UART.obj (.data)
                  2000013d    00000003     --HOLE--
                  20000140    00000001     main.obj (.data)


LINKER GENERATED COPY TABLES

__TI_cinit_table @ 00000ef0 records: 2, size/record: 8, table size: 16
	.data: load addr=00000ec8, load size=0000000f bytes, run addr=20000128, run size=00000019 bytes, compression=rle
	.bss: load addr=00000ee8, load size=00000008 bytes, run addr=20000100, run size=00000027 bytes, compression=zero_init


LINKER GENERATED HANDLER TABLE

__TI_handler_table @ 00000ed8 records: 3, size/record: 4, table size: 12
	index: 0, handler: __TI_decompress_rle24
	index: 1, handler: __TI_decompress_none
	index: 2, handler: __TI_zero_init


GLOBAL SYMBOLS: SORTED ALPHABETICALLY BY Name 

address    name
--------   ----
00000b89   C$$EXIT
00000d35   CPUcpsie
000004bd   DisplayInit
00000885   DisplayTask
00000cf9   FPUEnable
00000d09   FPULazyStackingEnable
00000bc9   GPIODirModeSet
00000595   GPIOPadConfigSet
00000a71   GPIOPinConfigure
00000cb1   GPIOPinTypeGPIOOutputOD
00000cc3   GPIOPinTypeUART
00000d41   GPIOPinWrite
000008f9   IntEnable
00000d4b   IntMasterEnable
00000d79   ResetISR
UNDEFED    SHT$$INIT_ARRAY$$Base
UNDEFED    SHT$$INIT_ARRAY$$Limit
0000026d   SysCtlClockSet
00000d7f   SysCtlDelay
00000a19   SysCtlPeripheralEnable
00000c21   Timer0IntHandler
00000bf9   TimerConfigure
00000d19   TimerEnable
00000d97   TimerIntClear
00000d69   TimerIntEnable
00000cd5   TimerLoadSet
00000d85   UARTClockSourceSet
00000b45   UARTConfigSetExpClk
00000c3d   UARTDisable
00000c89   UARTEnable
00000d55   UARTFIFOEnable
00000d8b   UARTFIFOLevelSet
00000c59   UARTGetBuffer
000003a9   UARTInit
00000d5f   UARTIntDisable
00000d71   UARTIntEnable
0000078d   UARTIntHandler
000009bd   UARTTask
20000100   __STACK_END
00000100   __STACK_SIZE
20000100   __STACK_TOP
00000ef0   __TI_CINIT_Base
00000f00   __TI_CINIT_Limit
00000ed8   __TI_Handler_Table_Base
00000ee4   __TI_Handler_Table_Limit
00000001   __TI_args_main
000006f9   __TI_auto_init
00000d27   __TI_decompress_none
00000d91   __TI_decompress_rle24
00000000   __TI_static_base__
00000ce7   __TI_zero_init
0000065d   __aeabi_memcpy
0000065d   __aeabi_memcpy4
0000065d   __aeabi_memcpy8
ffffffff   __binit__
ffffffff   __c_args__
20000000   __stack
00000c71   _args_main
00000ab9   _c_int00
20000130   _cleanup_ptr
20000134   _dtors_ptr
20000128   _lock
00000cab   _nop
00000ca3   _register_lock
00000c9d   _register_unlock
2000012c   _unlock
00000b8d   abort
ffffffff   binit
00000b01   copy_in
00000b95   exit
00000000   g_pfnVectors
0000080d   main
20000138   main_func_sp
0000065d   memcpy
20000140   tickFlag


GLOBAL SYMBOLS: SORTED BY Symbol Address 

address    name
--------   ----
00000000   __TI_static_base__
00000000   g_pfnVectors
00000001   __TI_args_main
00000100   __STACK_SIZE
0000026d   SysCtlClockSet
000003a9   UARTInit
000004bd   DisplayInit
00000595   GPIOPadConfigSet
0000065d   __aeabi_memcpy
0000065d   __aeabi_memcpy4
0000065d   __aeabi_memcpy8
0000065d   memcpy
000006f9   __TI_auto_init
0000078d   UARTIntHandler
0000080d   main
00000885   DisplayTask
000008f9   IntEnable
000009bd   UARTTask
00000a19   SysCtlPeripheralEnable
00000a71   GPIOPinConfigure
00000ab9   _c_int00
00000b01   copy_in
00000b45   UARTConfigSetExpClk
00000b89   C$$EXIT
00000b8d   abort
00000b95   exit
00000bc9   GPIODirModeSet
00000bf9   TimerConfigure
00000c21   Timer0IntHandler
00000c3d   UARTDisable
00000c59   UARTGetBuffer
00000c71   _args_main
00000c89   UARTEnable
00000c9d   _register_unlock
00000ca3   _register_lock
00000cab   _nop
00000cb1   GPIOPinTypeGPIOOutputOD
00000cc3   GPIOPinTypeUART
00000cd5   TimerLoadSet
00000ce7   __TI_zero_init
00000cf9   FPUEnable
00000d09   FPULazyStackingEnable
00000d19   TimerEnable
00000d27   __TI_decompress_none
00000d35   CPUcpsie
00000d41   GPIOPinWrite
00000d4b   IntMasterEnable
00000d55   UARTFIFOEnable
00000d5f   UARTIntDisable
00000d69   TimerIntEnable
00000d71   UARTIntEnable
00000d79   ResetISR
00000d7f   SysCtlDelay
00000d85   UARTClockSourceSet
00000d8b   UARTFIFOLevelSet
00000d91   __TI_decompress_rle24
00000d97   TimerIntClear
00000ed8   __TI_Handler_Table_Base
00000ee4   __TI_Handler_Table_Limit
00000ef0   __TI_CINIT_Base
00000f00   __TI_CINIT_Limit
20000000   __stack
20000100   __STACK_END
20000100   __STACK_TOP
20000128   _lock
2000012c   _unlock
20000130   _cleanup_ptr
20000134   _dtors_ptr
20000138   main_func_sp
20000140   tickFlag
ffffffff   __binit__
ffffffff   __c_args__
ffffffff   binit
UNDEFED    SHT$$INIT_ARRAY$$Base
UNDEFED    SHT$$INIT_ARRAY$$Limit

[75 symbols]
