******************************************************************************
                  TI ARM Linker PC v5.0.1                      
******************************************************************************
>> Linked Wed May 22 20:20:07 2013

OUTPUT FILE NAME:   <Braillearn.out>
ENTRY POINT SYMBOL: "_c_int00"  address: 00000a71


MEMORY CONFIGURATION

         name            origin    length      used     unused   attr    fill
----------------------  --------  ---------  --------  --------  ----  --------
  FLASH                 00000000   00040000  00001270  0003ed90  R  X
  SRAM                  20000000   00008000  00000227  00007dd9  RW X


SEGMENT ALLOCATION MAP

run origin  load origin   length   init length attrs members
----------  ----------- ---------- ----------- ----- -------
00000000    00000000    00001270   00001270    r-x
  00000000    00000000    0000026c   0000026c    r-- .intvecs
  0000026c    0000026c    00000c8c   00000c8c    r-x .text
  00000ef8    00000ef8    00000290   00000290    r-- .const
  00001188    00001188    000000e8   000000e8    r-- .cinit
20000000    20000000    00000228   00000125    rw-
  20000000    20000000    00000125   00000125    rw- .data
  20000126    20000126    00000002   00000000    rw- .bss
  20000128    20000128    00000100   00000000    rw- .stack


SECTION ALLOCATION MAP

 output                                  attributes/
section   page    origin      length       input sections
--------  ----  ----------  ----------   ----------------
.intvecs   0    00000000    0000026c     
                  00000000    0000026c     startup_ccs.obj (.intvecs)

.init_array 
*          0    00000000    00000000     UNINITIALIZED

.text      0    0000026c    00000c8c     
                  0000026c    000001c8     Control.obj (.text:CntlTask)
                  00000434    0000013c     driverlib-cm4f.lib : sysctl.obj (.text:SysCtlClockSet)
                  00000570    000000c8                        : gpio.obj (.text:GPIOPadConfigSet)
                  00000638    000000c4     main.obj (.text:main)
                  000006fc    0000009c     rtsv7M4_T_le_v4SPD16_eabi.lib : memcpy_t2.obj (.text)
                  00000798    00000094                                   : auto_init.obj (.text)
                  0000082c    00000078     UART.obj (.text:UARTInit)
                  000008a4    00000068     Key.obj (.text:KeyTask)
                  0000090c    00000064     driverlib-cm4f.lib : interrupt.obj (.text:IntEnable)
                  00000970    0000005e     rtsv7M4_T_le_v4SPD16_eabi.lib : copy_decompress_rle.obj (.text)
                  000009ce    00000002     Control.obj (.text:CntlInit)
                  000009d0    00000058     driverlib-cm4f.lib : sysctl.obj (.text:SysCtlPeripheralEnable)
                  00000a28    00000048                        : gpio.obj (.text:GPIOPinConfigure)
                  00000a70    00000048     rtsv7M4_T_le_v4SPD16_eabi.lib : boot.obj (.text)
                  00000ab8    00000044     UART.obj (.text:UARTIntHandler)
                  00000afc    00000044     rtsv7M4_T_le_v4SPD16_eabi.lib : cpy_tbl.obj (.text)
                  00000b40    00000042     driverlib-cm4f.lib : uart.obj (.text:UARTConfigSetExpClk)
                  00000b82    00000002     startup_ccs.obj (.text:FaultISR)
                  00000b84    00000040     UART.obj (.text:UARTSend)
                  00000bc4    00000040     UART.obj (.text:UART_Welcome)
                  00000c04    00000040     rtsv7M4_T_le_v4SPD16_eabi.lib : exit.obj (.text)
                  00000c44    0000003c     Key.obj (.text:KeyInit)
                  00000c80    0000003c     main.obj (.text:Timer0IntHandler)
                  00000cbc    00000034     Key.obj (.text:GetKey)
                  00000cf0    0000002e     driverlib-cm4f.lib : gpio.obj (.text:GPIODirModeSet)
                  00000d1e    00000002     startup_ccs.obj (.text:IntDefaultHandler)
                  00000d20    00000028     driverlib-cm4f.lib : timer.obj (.text:TimerConfigure)
                  00000d48    00000026     Key.obj (.text:IsCntlKey)
                  00000d6e    00000002     startup_ccs.obj (.text:NmiSR)
                  00000d70    00000024     Key.obj (.text:KeyScan)
                  00000d94    0000001c     driverlib-cm4f.lib : uart.obj (.text:UARTDisable)
                  00000db0    00000018     rtsv7M4_T_le_v4SPD16_eabi.lib : args_main.obj (.text)
                  00000dc8    00000014     driverlib-cm4f.lib : uart.obj (.text:UARTEnable)
                  00000ddc    00000014     rtsv7M4_T_le_v4SPD16_eabi.lib : _lock.obj (.text)
                  00000df0    00000012     driverlib-cm4f.lib : gpio.obj (.text:GPIOPinTypeGPIOInput)
                  00000e02    00000012                        : gpio.obj (.text:GPIOPinTypeGPIOOutput)
                  00000e14    00000012                        : gpio.obj (.text:GPIOPinTypeUART)
                  00000e26    00000012                        : timer.obj (.text:TimerLoadSet)
                  00000e38    00000012     rtsv7M4_T_le_v4SPD16_eabi.lib : copy_zero_init.obj (.text:decompress:ZI)
                  00000e4a    00000002     --HOLE-- [fill = 0]
                  00000e4c    00000010     driverlib-cm4f.lib : fpu.obj (.text:FPUEnable)
                  00000e5c    00000010                        : fpu.obj (.text:FPULazyStackingEnable)
                  00000e6c    0000000e                        : timer.obj (.text:TimerEnable)
                  00000e7a    0000000e     rtsv7M4_T_le_v4SPD16_eabi.lib : copy_decompress_none.obj (.text:decompress:none)
                  00000e88    0000000c     driverlib-cm4f.lib : cpu.obj (.text:CPUcpsie)
                  00000e94    0000000a                        : gpio.obj (.text:GPIOPinRead)
                  00000e9e    0000000a                        : gpio.obj (.text:GPIOPinWrite)
                  00000ea8    0000000a                        : interrupt.obj (.text:IntMasterEnable)
                  00000eb2    0000000a                        : uart.obj (.text:UARTCharPut)
                  00000ebc    0000000a                        : uart.obj (.text:UARTFIFOEnable)
                  00000ec6    00000008                        : timer.obj (.text:TimerIntEnable)
                  00000ece    00000008                        : uart.obj (.text:UARTIntEnable)
                  00000ed6    00000006     startup_ccs.obj (.text:ResetISR)
                  00000edc    00000006     driverlib-cm4f.lib : sysctl.obj (.text:SysCtlDelay)
                  00000ee2    00000006                        : uart.obj (.text:UARTClockSourceSet)
                  00000ee8    00000006                        : uart.obj (.text:UARTFIFOLevelSet)
                  00000eee    00000006     rtsv7M4_T_le_v4SPD16_eabi.lib : copy_decompress_rle.obj (.text:decompress:rle24)
                  00000ef4    00000004     driverlib-cm4f.lib : timer.obj (.text:TimerIntClear)

.const     0    00000ef8    00000290     
                  00000ef8    00000168     UART.obj (.const:menuStr)
                  00001060    00000078     driverlib-cm4f.lib : gpio.obj (.const:g_pulGPIOBaseAddrs)
                  000010d8    00000070                        : interrupt.obj (.const)
                  00001148    00000040                        : sysctl.obj (.const)

.cinit     0    00001188    000000e8     
                  00001188    000000c3     (.cinit..data.load) [load image, compression = rle]
                  0000124b    00000001     --HOLE-- [fill = 0]
                  0000124c    0000000c     (__TI_handler_table)
                  00001258    00000008     (.cinit..bss.load) [load image, compression = zero_init]
                  00001260    00000010     (__TI_cinit_table)

.data      0    20000000    00000125     
                  20000000    00000100     Key.obj (.data:UBrailleLookup)
                  20000100    00000009     Control.obj (.data)
                  20000109    00000003     --HOLE--
                  2000010c    00000008     rtsv7M4_T_le_v4SPD16_eabi.lib : _lock.obj (.data)
                  20000114    00000008                                   : exit.obj (.data)
                  2000011c    00000004                                   : stkdepth_vars.obj (.data)
                  20000120    00000003     Key.obj (.data)
                  20000123    00000001     --HOLE--
                  20000124    00000001     main.obj (.data)

.bss       0    20000126    00000002     UNINITIALIZED
                  20000126    00000002     Key.obj (.bss)

.stack     0    20000128    00000100     UNINITIALIZED
                  20000128    00000100     --HOLE--


LINKER GENERATED COPY TABLES

__TI_cinit_table @ 00001260 records: 2, size/record: 8, table size: 16
	.data: load addr=00001188, load size=000000c3 bytes, run addr=20000000, run size=00000125 bytes, compression=rle
	.bss: load addr=00001258, load size=00000008 bytes, run addr=20000126, run size=00000002 bytes, compression=zero_init


LINKER GENERATED HANDLER TABLE

__TI_handler_table @ 0000124c records: 3, size/record: 4, table size: 12
	index: 0, handler: __TI_decompress_rle24
	index: 1, handler: __TI_decompress_none
	index: 2, handler: __TI_zero_init


GLOBAL SYMBOLS: SORTED ALPHABETICALLY BY Name 

address    name
--------   ----
00000c05   C$$EXIT
00000e89   CPUcpsie
000009cf   CntlInit
0000026d   CntlTask
00000e4d   FPUEnable
00000e5d   FPULazyStackingEnable
00000cf1   GPIODirModeSet
00000571   GPIOPadConfigSet
00000a29   GPIOPinConfigure
00000e95   GPIOPinRead
00000df1   GPIOPinTypeGPIOInput
00000e03   GPIOPinTypeGPIOOutput
00000e15   GPIOPinTypeUART
00000e9f   GPIOPinWrite
00000cbd   GetKey
0000090d   IntEnable
00000ea9   IntMasterEnable
00000d49   IsCntlKey
00000c45   KeyInit
000008a5   KeyTask
00000ed7   ResetISR
UNDEFED    SHT$$INIT_ARRAY$$Base
UNDEFED    SHT$$INIT_ARRAY$$Limit
00000435   SysCtlClockSet
00000edd   SysCtlDelay
000009d1   SysCtlPeripheralEnable
00000c81   Timer0IntHandler
00000d21   TimerConfigure
00000e6d   TimerEnable
00000ef5   TimerIntClear
00000ec7   TimerIntEnable
00000e27   TimerLoadSet
00000eb3   UARTCharPut
00000ee3   UARTClockSourceSet
00000b41   UARTConfigSetExpClk
00000d95   UARTDisable
00000dc9   UARTEnable
00000ebd   UARTFIFOEnable
00000ee9   UARTFIFOLevelSet
0000082d   UARTInit
00000ecf   UARTIntEnable
00000ab9   UARTIntHandler
00000b85   UARTSend
00000bc5   UART_Welcome
20000228   __STACK_END
00000100   __STACK_SIZE
20000228   __STACK_TOP
00001260   __TI_CINIT_Base
00001270   __TI_CINIT_Limit
0000124c   __TI_Handler_Table_Base
00001258   __TI_Handler_Table_Limit
00000001   __TI_args_main
00000799   __TI_auto_init
00000e7b   __TI_decompress_none
00000eef   __TI_decompress_rle24
00000000   __TI_static_base__
00000e39   __TI_zero_init
000006fd   __aeabi_memcpy
000006fd   __aeabi_memcpy4
000006fd   __aeabi_memcpy8
ffffffff   __binit__
ffffffff   __c_args__
20000128   __stack
00000db1   _args_main
00000a71   _c_int00
20000114   _cleanup_ptr
20000118   _dtors_ptr
2000010c   _lock
00000deb   _nop
00000de3   _register_lock
00000ddd   _register_unlock
20000110   _unlock
00000c09   abort
ffffffff   binit
00000afd   copy_in
00000c11   exit
00000000   g_pfnVectors
00000639   main
2000011c   main_func_sp
000006fd   memcpy
00000ef8   menuStr
20000124   tickFlag


GLOBAL SYMBOLS: SORTED BY Symbol Address 

address    name
--------   ----
00000000   __TI_static_base__
00000000   g_pfnVectors
00000001   __TI_args_main
00000100   __STACK_SIZE
0000026d   CntlTask
00000435   SysCtlClockSet
00000571   GPIOPadConfigSet
00000639   main
000006fd   __aeabi_memcpy
000006fd   __aeabi_memcpy4
000006fd   __aeabi_memcpy8
000006fd   memcpy
00000799   __TI_auto_init
0000082d   UARTInit
000008a5   KeyTask
0000090d   IntEnable
000009cf   CntlInit
000009d1   SysCtlPeripheralEnable
00000a29   GPIOPinConfigure
00000a71   _c_int00
00000ab9   UARTIntHandler
00000afd   copy_in
00000b41   UARTConfigSetExpClk
00000b85   UARTSend
00000bc5   UART_Welcome
00000c05   C$$EXIT
00000c09   abort
00000c11   exit
00000c45   KeyInit
00000c81   Timer0IntHandler
00000cbd   GetKey
00000cf1   GPIODirModeSet
00000d21   TimerConfigure
00000d49   IsCntlKey
00000d95   UARTDisable
00000db1   _args_main
00000dc9   UARTEnable
00000ddd   _register_unlock
00000de3   _register_lock
00000deb   _nop
00000df1   GPIOPinTypeGPIOInput
00000e03   GPIOPinTypeGPIOOutput
00000e15   GPIOPinTypeUART
00000e27   TimerLoadSet
00000e39   __TI_zero_init
00000e4d   FPUEnable
00000e5d   FPULazyStackingEnable
00000e6d   TimerEnable
00000e7b   __TI_decompress_none
00000e89   CPUcpsie
00000e95   GPIOPinRead
00000e9f   GPIOPinWrite
00000ea9   IntMasterEnable
00000eb3   UARTCharPut
00000ebd   UARTFIFOEnable
00000ec7   TimerIntEnable
00000ecf   UARTIntEnable
00000ed7   ResetISR
00000edd   SysCtlDelay
00000ee3   UARTClockSourceSet
00000ee9   UARTFIFOLevelSet
00000eef   __TI_decompress_rle24
00000ef5   TimerIntClear
00000ef8   menuStr
0000124c   __TI_Handler_Table_Base
00001258   __TI_Handler_Table_Limit
00001260   __TI_CINIT_Base
00001270   __TI_CINIT_Limit
2000010c   _lock
20000110   _unlock
20000114   _cleanup_ptr
20000118   _dtors_ptr
2000011c   main_func_sp
20000124   tickFlag
20000128   __stack
20000228   __STACK_END
20000228   __STACK_TOP
ffffffff   __binit__
ffffffff   __c_args__
ffffffff   binit
UNDEFED    SHT$$INIT_ARRAY$$Base
UNDEFED    SHT$$INIT_ARRAY$$Limit

[82 symbols]
